ARM Linker, 5.03 [Build 76] [MDK-ARM Professional]

==============================================================================

Section Cross References

    startup_lpc43xx.o(RESET) refers to startup_lpc43xx.o(STACK) for __initial_sp
    startup_lpc43xx.o(RESET) refers to startup_lpc43xx.o(.text) for Reset_Handler
    startup_lpc43xx.o(RESET) refers to hal_cm4.o(.emb_text) for SVC_Handler
    startup_lpc43xx.o(RESET) refers to ssplib.o(i.DMA_IRQHandler) for DMA_IRQHandler
    startup_lpc43xx.o(RESET) refers to lpc43xx_eth_driver.o(i.ETHERNET_IRQHandler) for ETHERNET_IRQHandler
    startup_lpc43xx.o(RESET) refers to board.o(i.TIMER1_IRQHandler) for TIMER1_IRQHandler
    startup_lpc43xx.o(RESET) refers to board.o(i.I2C0_IRQHandler) for I2C0_IRQHandler
    startup_lpc43xx.o(RESET) refers to board.o(i.USART0_IRQHandler) for USART0_IRQHandler
    startup_lpc43xx.o(RESET) refers to board.o(i.UART1_IRQHandler) for UART1_IRQHandler
    startup_lpc43xx.o(RESET) refers to board.o(i.USART2_IRQHandler) for USART2_IRQHandler
    startup_lpc43xx.o(RESET) refers to ade9000.o(i.PIN_INT0_IRQHandler) for PIN_INT0_IRQHandler
    startup_lpc43xx.o(RESET) refers to board.o(i.RTC_IRQHandler) for RTC_IRQHandler
    startup_lpc43xx.o(.text) refers to sysinit.o(i.SystemInit) for SystemInit
    startup_lpc43xx.o(.text) refers to __main.o(!!!main) for __main
    retarget.o(i._sys_close) refers (Special) to use_no_semi.o(.text) for __use_no_semihosting_swi
    retarget.o(i._sys_close) refers to fs_sys.o(i.__sys_close) for __sys_close
    retarget.o(i._sys_command_string) refers (Special) to use_no_semi.o(.text) for __use_no_semihosting_swi
    retarget.o(i._sys_ensure) refers (Special) to use_no_semi.o(.text) for __use_no_semihosting_swi
    retarget.o(i._sys_ensure) refers to fs_sys.o(i.__sys_ensure) for __sys_ensure
    retarget.o(i._sys_exit) refers (Special) to use_no_semi.o(.text) for __use_no_semihosting_swi
    retarget.o(i._sys_flen) refers (Special) to use_no_semi.o(.text) for __use_no_semihosting_swi
    retarget.o(i._sys_flen) refers to fs_sys.o(i.__sys_flen) for __sys_flen
    retarget.o(i._sys_istty) refers (Special) to use_no_semi.o(.text) for __use_no_semihosting_swi
    retarget.o(i._sys_open) refers (Special) to use_no_semi.o(.text) for __use_no_semihosting_swi
    retarget.o(i._sys_open) refers to strcmpv7m.o(.text) for strcmp
    retarget.o(i._sys_open) refers to fs_sys.o(i.__sys_open) for __sys_open
    retarget.o(i._sys_read) refers (Special) to use_no_semi.o(.text) for __use_no_semihosting_swi
    retarget.o(i._sys_read) refers to retarget.o(i.readchar) for readchar
    retarget.o(i._sys_read) refers to fs_sys.o(i.__sys_read) for __sys_read
    retarget.o(i._sys_seek) refers (Special) to use_no_semi.o(.text) for __use_no_semihosting_swi
    retarget.o(i._sys_seek) refers to fs_sys.o(i.__sys_seek) for __sys_seek
    retarget.o(i._sys_tmpnam) refers (Special) to use_no_semi.o(.text) for __use_no_semihosting_swi
    retarget.o(i._sys_write) refers (Special) to use_no_semi.o(.text) for __use_no_semihosting_swi
    retarget.o(i._sys_write) refers to retarget.o(i.writechar) for writechar
    retarget.o(i._sys_write) refers to fs_sys.o(i.__sys_write) for __sys_write
    retarget.o(i._ttywrch) refers (Special) to use_no_semi.o(.text) for __use_no_semihosting_swi
    retarget.o(i._ttywrch) refers to retarget.o(i.writechar) for writechar
    retarget.o(i.readchar) refers (Special) to use_no_semi.o(.text) for __use_no_semihosting_swi
    retarget.o(i.readchar) refers to debug.o(i.debug_getchar) for debug_getchar
    retarget.o(i.writechar) refers (Special) to use_no_semi.o(.text) for __use_no_semihosting_swi
    retarget.o(i.writechar) refers to debug.o(i.debug_putchar) for debug_putchar
    retarget.o(.constdata) refers (Special) to use_no_semi.o(.text) for __use_no_semihosting_swi
    main.o(i.IpScanListener) refers to _printf_percent.o(.ARM.Collect$$_printf_percent$$00000000) for _printf_percent
    main.o(i.IpScanListener) refers to _printf_d.o(.ARM.Collect$$_printf_percent$$00000009) for _printf_d
    main.o(i.IpScanListener) refers to _printf_s.o(.ARM.Collect$$_printf_percent$$00000014) for _printf_s
    main.o(i.IpScanListener) refers to _printf_dec.o(.text) for _printf_int_dec
    main.o(i.IpScanListener) refers to _printf_str.o(.text) for _printf_str
    main.o(i.IpScanListener) refers to net.o(i.netGetDefaultInterface) for netGetDefaultInterface
    main.o(i.IpScanListener) refers to socket.o(i.socketOpen) for socketOpen
    main.o(i.IpScanListener) refers to __2printf.o(.text) for __2printf
    main.o(i.IpScanListener) refers to os_port_rtx.o(i.osDeleteTask) for osDeleteTask
    main.o(i.IpScanListener) refers to ipv4.o(i.ipv4StringToAddr) for ipv4StringToAddr
    main.o(i.IpScanListener) refers to socket.o(i.socketSetInterface) for socketSetInterface
    main.o(i.IpScanListener) refers to socket.o(i.socketClose) for socketClose
    main.o(i.IpScanListener) refers to socket.o(i.socketBind) for socketBind
[...]
    0x1a0202e0   0x00000062   Code   RO         3916    i.icmpProcessMessage  icmp.o
    0x1a020342   0x00000002   PAD
    0x1a020344   0x00000124   Code   RO         3917    i.icmpSendErrorMessage  icmp.o
    0x1a020468   0x00000036   Code   RO         3918    i.icmpUpdateInStats  icmp.o
    0x1a02049e   0x00000036   Code   RO         3919    i.icmpUpdateOutStats  icmp.o
    0x1a0204d4   0x00000028   Code   RO          820    i.idle_MDIO         smi_driver.o
    0x1a0204fc   0x00000016   Code   RO         4147    i.igmpDecodeFloatingPointValue  igmp_common.o
    0x1a020512   0x0000001c   Code   RO         4148    i.igmpGetRandomDelay  igmp_common.o
    0x1a02052e   0x0000004e   Code   RO         4010    i.igmpHostChangeCompatibilityMode  igmp_host_misc.o
    0x1a02057c   0x00000066   Code   RO         4011    i.igmpHostCreateGroup  igmp_host_misc.o
    0x1a0205e2   0x0000000c   Code   RO         4012    i.igmpHostDecGroupRetransmitCounters  igmp_host_misc.o
    0x1a0205ee   0x00000006   Code   RO         4013    i.igmpHostDeleteGroup  igmp_host_misc.o
    0x1a0205f4   0x00000044   Code   RO         4014    i.igmpHostFindGroup  igmp_host_misc.o
    0x1a020638   0x00000058   Code   RO         4016    i.igmpHostFlushReportRecords  igmp_host_misc.o
    0x1a020690   0x00000038   Code   RO         4017    i.igmpHostFlushUnusedGroups  igmp_host_misc.o
    0x1a0206c8   0x0000000c   Code   RO         4018    i.igmpHostGetGroupRetransmitStatus  igmp_host_misc.o
    0x1a0206d4   0x00000032   Code   RO         4019    i.igmpHostGetRetransmitStatus  igmp_host_misc.o
    0x1a020706   0x0000003a   Code   RO         3976    i.igmpHostInit      igmp_host.o
    0x1a020740   0x0000005c   Code   RO         3977    i.igmpHostLinkChangeEvent  igmp_host.o
    0x1a02079c   0x00000014   Code   RO         4020    i.igmpHostMatchGroup  igmp_host_misc.o
    0x1a0207b0   0x0000000c   Code   RO         4021    i.igmpHostMergeReports  igmp_host_misc.o
    0x1a0207bc   0x000000dc   Code   RO         4022    i.igmpHostProcessMembershipQuery  igmp_host_misc.o
    0x1a020898   0x000000ec   Code   RO         4023    i.igmpHostProcessMembershipQueryV3  igmp_host_misc.o
    0x1a020984   0x00000040   Code   RO         4024    i.igmpHostProcessMembershipReport  igmp_host_misc.o
    0x1a0209c4   0x00000052   Code   RO         4025    i.igmpHostProcessMessage  igmp_host_misc.o
    0x1a020a16   0x000000ae   Code   RO         4027    i.igmpHostSendCurrentStateReport  igmp_host_misc.o
    0x1a020ac4   0x00000058   Code   RO         4028    i.igmpHostSendLeaveGroup  igmp_host_misc.o
    0x1a020b1c   0x00000058   Code   RO         4029    i.igmpHostSendMembershipReport  igmp_host_misc.o
    0x1a020b74   0x000000c4   Code   RO         4030    i.igmpHostSendStateChangeReport  igmp_host_misc.o
    0x1a020c38   0x00000108   Code   RO         3978    i.igmpHostStateChangeEvent  igmp_host.o
    0x1a020d40   0x0000018c   Code   RO         3979    i.igmpHostTick      igmp_host.o
    0x1a020ecc   0x0000002c   Code   RO         4149    i.igmpInit          igmp_common.o
    0x1a020ef8   0x0000000e   Code   RO         4150    i.igmpLinkChangeEvent  igmp_common.o
    0x1a020f06   0x0000005a   Code   RO         4151    i.igmpProcessMessage  igmp_common.o
    0x1a020f60   0x000000b0   Code   RO         4152    i.igmpSendMessage   igmp_common.o
    0x1a021010   0x0000000e   Code   RO         4153    i.igmpTick          igmp_common.o
    0x1a02101e   0x0000002a   Code   RO        15095    i.incEnergy         ade9000.o
    0x1a021048   0x00000664   Code   RO          137    i.init              main.o
    0x1a0216ac   0x00000e80   Code   RO        16789    i.initAlarmTable    alarm.o
    0x1a02252c   0x0000000c   Code   RO        17137    i.initCmdQ          modbus.o
    0x1a022538   0x000001ec   Code   RO         9459    i.initDynMem        emc_18xx_43xx.o
    0x1a022724   0x0000006c   Code   RO        15668    i.initExtSettings   meter.o
    0x1a022790   0x00000014   Code   RO        17536    i.initProxyAgent    proxy.o
    0x1a0227a4   0x000004b4   Code   RO        15670    i.initSettings      meter.o
    0x1a022c58   0x00000100   Code   RO        16650    i.init_CZT          fft_radix2_czt.o
    0x1a022d58   0x000000fc   Code   RO        16651    i.init_Radix2       fft_radix2_czt.o
    0x1a022e54   0x0000009c   Code   RO         1101    i.init_card         fs.o
    0x1a022ef0   0x00000258   Code   RO         1102    i.init_directory    fs.o
    0x1a023148   0x000000d2   Code   RO        17727    i.init_drv          FS_CM3.lib(fs_mapi.o)
    0x1a02321a   0x00000016   Code   RO        18106    i.init_elink_path   FS_CM3.lib(fs_fat.o)
    0x1a023230   0x00000048   Code   RO        17138    i.init_smb          modbus.o
    0x1a023278   0x00000044   Code   RO          821    i.input_MDIO        smi_driver.o
    0x1a0232bc   0x00000028   Code   RO          138    i.ioInit            main.o
    0x1a0232e4   0x0000003c   Code   RO        16432    i.ipAddrGet         app_main.o
    0x1a023320   0x00000028   Code   RO         4430    i.ipAddrToString    ip.o
    0x1a023348   0x00000022   Code   RO         4431    i.ipAllocBuffer     ip.o
    0x1a02336a   0x00000082   Code   RO         4432    i.ipCalcChecksum    ip.o
    0x1a0233ec   0x000000ac   Code   RO         4433    i.ipCalcChecksumEx  ip.o
    0x1a023498   0x00000042   Code   RO         4435    i.ipCalcUpperLayerChecksumEx  ip.o
    0x1a0234da   0x00000030   Code   RO         4436    i.ipCompAddr        ip.o
    0x1a02350a   0x00000016   Code   RO         4438    i.ipIsBroadcastAddr  ip.o
    0x1a023520   0x00000022   Code   RO         4439    i.ipIsLinkLocalAddr  ip.o
    0x1a023542   0x00000020   Code   RO         4440    i.ipIsMulticastAddr  ip.o
    0x1a023562   0x00000018   Code   RO         4441    i.ipIsUnspecifiedAddr  ip.o
    0x1a02357a   0x00000028   Code   RO         4442    i.ipSelectSourceAddr  ip.o
    0x1a0235a2   0x00000032   Code   RO         4443    i.ipSendDatagram    ip.o
    0x1a0235d4   0x00000026   Code   RO         4444    i.ipStringToAddr    ip.o
    0x1a0235fa   0x00000002   PAD
    0x1a0235fc   0x0000005c   Code   RO         4445    i.ipUpdateMulticastFilter  ip.o
    0x1a023658   0x00000044   Code   RO         3697    i.ipv4AcceptMulticastAddr  ipv4_multicast.o
    0x1a02369c   0x00000038   Code   RO         3796    i.ipv4AddRouterAlertOption  ipv4_misc.o
    0x1a0236d4   0x00000038   Code   RO         3374    i.ipv4AddrToString  ipv4.o
    0x1a02370c   0x00000040   Code   RO         3797    i.ipv4CheckDestAddr  ipv4_misc.o
    0x1a02374c   0x00000020   Code   RO         3798    i.ipv4CheckSourceAddr  ipv4_misc.o
    0x1a02376c   0x00000006   Code   RO         3699    i.ipv4CompareSrcAddrLists  ipv4_multicast.o
    0x1a023772   0x00000042   Code   RO         3700    i.ipv4CreateMulticastFilterEntry  ipv4_multicast.o
    0x1a0237b4   0x00000006   Code   RO         3701    i.ipv4DeleteMulticastFilterEntry  ipv4_multicast.o
    0x1a0237ba   0x00000008   Code   RO         3702    i.ipv4DeriveInterfaceState  ipv4_multicast.o
    0x1a0237c2   0x0000002c   Code   RO         3703    i.ipv4DropMulticastAddr  ipv4_multicast.o
    0x1a0237ee   0x00000002   Code   RO         3375    i.ipv4DumpHeader    ipv4.o
    0x1a0237f0   0x00000002   Code   RO         3538    i.ipv4DumpHoleList  ipv4_frag.o
    0x1a0237f2   0x00000016   Code   RO         3539    i.ipv4FindHole      ipv4_frag.o
    0x1a023808   0x00000034   Code   RO         3704    i.ipv4FindMulticastFilterEntry  ipv4_multicast.o
    0x1a02383c   0x00000026   Code   RO         3540    i.ipv4FlushFragQueue  ipv4_frag.o
    0x1a023862   0x00000082   Code   RO         3541    i.ipv4FragTick      ipv4_frag.o
    0x1a0238e4   0x000000ca   Code   RO         3542    i.ipv4FragmentDatagram  ipv4_frag.o
    0x1a0239ae   0x0000003e   Code   RO         3800    i.ipv4GetAddrScope  ipv4_misc.o
    0x1a0239ec   0x0000003e   Code   RO         3801    i.ipv4GetBroadcastAddr  ipv4_misc.o
    0x1a023a2a   0x00000012   Code   RO         3379    i.ipv4GetHostAddr   ipv4.o
    0x1a023a3c   0x00000050   Code   RO         3380    i.ipv4GetHostAddrEx  ipv4.o
    0x1a023a8c   0x0000002a   Code   RO         3802    i.ipv4GetPrefixLength  ipv4_misc.o
    0x1a023ab6   0x00000050   Code   RO         3383    i.ipv4Init          ipv4.o
    0x1a023b06   0x0000004a   Code   RO         3803    i.ipv4IsBroadcastAddr  ipv4_misc.o
    0x1a023b50   0x00000026   Code   RO         3804    i.ipv4IsHostAddrValid  ipv4_misc.o
    0x1a023b76   0x00000002   PAD
    0x1a023b78   0x00000058   Code   RO         3805    i.ipv4IsLocalHostAddr  ipv4_misc.o
    0x1a023bd0   0x00000034   Code   RO         3806    i.ipv4IsOnLink      ipv4_misc.o
    0x1a023c04   0x00000030   Code   RO         3807    i.ipv4IsTentativeAddr  ipv4_misc.o
    0x1a023c34   0x00000048   Code   RO         3706    i.ipv4JoinMulticastGroup  ipv4_multicast.o
    0x1a023c7c   0x00000034   Code   RO         3384    i.ipv4LinkChangeEvent  ipv4.o
    0x1a023cb0   0x00000038   Code   RO         3708    i.ipv4MapMulticastAddrToMac  ipv4_multicast.o
    0x1a023ce8   0x0000002e   Code   RO         3709    i.ipv4MulticastFilter  ipv4_multicast.o
    0x1a023d16   0x0000010e   Code   RO         3385    i.ipv4ProcessDatagram  ipv4.o
    0x1a023e24   0x0000010e   Code   RO         3386    i.ipv4ProcessPacket  ipv4.o
    0x1a023f32   0x00000220   Code   RO         3543    i.ipv4ReassembleDatagram  ipv4_frag.o
    0x1a024152   0x000000f4   Code   RO         3544    i.ipv4SearchFragQueue  ipv4_frag.o
    0x1a024246   0x0000003c   Code   RO         3808    i.ipv4SelectDefaultGateway  ipv4_misc.o
    0x1a024282   0x00000002   PAD
    0x1a024284   0x00000164   Code   RO         3809    i.ipv4SelectSourceAddr  ipv4_misc.o
    0x1a0243e8   0x00000072   Code   RO         3387    i.ipv4SendDatagram  ipv4.o
    0x1a02445a   0x00000002   PAD
    0x1a02445c   0x00000258   Code   RO         3388    i.ipv4SendPacket    ipv4.o
    0x1a0246b4   0x00000012   Code   RO         3389    i.ipv4SetDefaultGateway  ipv4.o
    0x1a0246c6   0x00000002   PAD
    0x1a0246c8   0x00000044   Code   RO         3390    i.ipv4SetDefaultGatewayEx  ipv4.o
    0x1a02470c   0x00000040   Code   RO         3392    i.ipv4SetDnsServer  ipv4.o
    0x1a02474c   0x00000012   Code   RO         3393    i.ipv4SetHostAddr   ipv4.o
    0x1a02475e   0x00000002   PAD
    0x1a024760   0x00000058   Code   RO         3394    i.ipv4SetHostAddrEx  ipv4.o
    0x1a0247b8   0x00000012   Code   RO         3395    i.ipv4SetSubnetMask  ipv4.o
    0x1a0247ca   0x00000002   PAD
    0x1a0247cc   0x00000038   Code   RO         3396    i.ipv4SetSubnetMaskEx  ipv4.o
    0x1a024804   0x0000007e   Code   RO         3397    i.ipv4StringToAddr  ipv4.o
    0x1a024882   0x00000020   Code   RO         3811    i.ipv4UpdateErrorStats  ipv4_misc.o
    0x1a0248a2   0x00000016   Code   RO         3812    i.ipv4UpdateInStats  ipv4_misc.o
    0x1a0248b8   0x00000114   Code   RO         3711    i.ipv4UpdateMulticastFilter  ipv4_multicast.o
    0x1a0249cc   0x00000016   Code   RO         3813    i.ipv4UpdateOutStats  ipv4_misc.o
    0x1a0249e2   0x00000002   PAD
    0x1a0249e4   0x00000028   Code   RO        17538    i.isSvrQFull        proxy.o
    0x1a024a0c   0x00000038   Code   RO        18107    i.is_EOC            FS_CM3.lib(fs_fat.o)
    0x1a024a44   0x00000028   Code   RO        17872    i.isr_evt_set       RTX_CM4.lib(rt_event.o)
    0x1a024a6c   0x00000010   Code   RO        17918    i.isr_sem_send      RTX_CM4.lib(rt_semaphore.o)
    0x1a024a7c   0x00000036   Code   RO        18108    i.j_chk_rsvd        FS_CM3.lib(fs_fat.o)
    0x1a024ab2   0x0000000a   Code   RO        18109    i.j_clus_cnt        FS_CM3.lib(fs_fat.o)
    0x1a024abc   0x00000082   Code   RO        18110    i.j_find_reg        FS_CM3.lib(fs_fat.o)
    0x1a024b3e   0x00000002   PAD
    0x1a024b40   0x000000a8   Code   RO        18111    i.j_find_rsvd       FS_CM3.lib(fs_fat.o)
    0x1a024be8   0x00000082   Code   RO        18112    i.j_init_fats       FS_CM3.lib(fs_fat.o)
    0x1a024c6a   0x00000010   Code   RO        18113    i.j_low_boundary    FS_CM3.lib(fs_fat.o)
    0x1a024c7a   0x0000003a   Code   RO        18114    i.j_mark_rsvd       FS_CM3.lib(fs_fat.o)
    0x1a024cb4   0x00000028   Code   RO        18115    i.j_rep_space       FS_CM3.lib(fs_fat.o)
    0x1a024cdc   0x00000100   Code   RO         6420    i.ksz8863AddStaticFdbEntry  ksz8863_driver.o
    0x1a024ddc   0x00000070   Code   RO         6421    i.ksz8863DeleteStaticFdbEntry  ksz8863_driver.o
    0x1a024e4c   0x00000002   Code   RO         6422    i.ksz8863DisableIrq  ksz8863_driver.o
    0x1a024e4e   0x00000010   Code   RO         6423    i.ksz8863DumpPhyReg  ksz8863_driver.o
    0x1a024e5e   0x00000010   Code   RO         6424    i.ksz8863DumpSwitchReg  ksz8863_driver.o
    0x1a024e6e   0x00000028   Code   RO         6425    i.ksz8863EnableIgmpSnooping  ksz8863_driver.o
    0x1a024e96   0x00000002   Code   RO         6426    i.ksz8863EnableIrq  ksz8863_driver.o
    0x1a024e98   0x00000002   Code   RO         6427    i.ksz8863EnableMldSnooping  ksz8863_driver.o
    0x1a024e9a   0x00000002   Code   RO         6428    i.ksz8863EnableRsvdMcastTable  ksz8863_driver.o
    0x1a024e9c   0x000000f4   Code   RO         6429    i.ksz8863EventHandler  ksz8863_driver.o
    0x1a024f90   0x00000080   Code   RO         6430    i.ksz8863FlushDynamicFdbTable  ksz8863_driver.o
    0x1a025010   0x00000072   Code   RO         6431    i.ksz8863FlushStaticFdbTable  ksz8863_driver.o
    0x1a025082   0x00000052   Code   RO         6432    i.ksz8863GetDuplexMode  ksz8863_driver.o
    0x1a0250d4   0x000000ae   Code   RO         6433    i.ksz8863GetDynamicFdbEntry  ksz8863_driver.o
    0x1a025182   0x00000002   PAD
    0x1a025184   0x0000005c   Code   RO         6434    i.ksz8863GetLinkSpeed  ksz8863_driver.o
    0x1a0251e0   0x0000004a   Code   RO         6435    i.ksz8863GetLinkState  ksz8863_driver.o
    0x1a02522a   0x00000084   Code   RO         6436    i.ksz8863GetPortState  ksz8863_driver.o
    0x1a0252ae   0x00000080   Code   RO         6437    i.ksz8863GetStaticFdbEntry  ksz8863_driver.o
    0x1a02532e   0x00000002   PAD
    0x1a025330   0x000000d4   Code   RO         6438    i.ksz8863Init       ksz8863_driver.o
    0x1a025404   0x00000002   Code   RO         6439    i.ksz8863InitHook   ksz8863_driver.o
    0x1a025406   0x00000036   Code   RO         6440    i.ksz8863ReadPhyReg  ksz8863_driver.o
    0x1a02543c   0x0000006a   Code   RO         6441    i.ksz8863ReadSwitchReg  ksz8863_driver.o
    0x1a0254a6   0x00000002   Code   RO         6442    i.ksz8863SetAgingTime  ksz8863_driver.o
    0x1a0254a8   0x0000007e   Code   RO         6443    i.ksz8863SetPortState  ksz8863_driver.o
    0x1a025526   0x00000002   Code   RO         6444    i.ksz8863SetUnknownMcastFwdPorts  ksz8863_driver.o
    0x1a025528   0x00000054   Code   RO         6445    i.ksz8863TagFrame   ksz8863_driver.o
    0x1a02557c   0x0000008c   Code   RO         6446    i.ksz8863Tick       ksz8863_driver.o
    0x1a025608   0x0000002a   Code   RO         6447    i.ksz8863UntagFrame  ksz8863_driver.o
    0x1a025632   0x00000068   Code   RO         6449    i.ksz8863WriteSwitchReg  ksz8863_driver.o
    0x1a02569a   0x00000002   PAD
    0x1a02569c   0x000000e4   Code   RO        16433    i.ledTask           app_main.o
    0x1a025780   0x0000001e   Code   RO        18116    i.lfn_calc_chksum   FS_CM3.lib(fs_fat.o)
    0x1a02579e   0x0000007a   Code   RO         5781    i.llmnrFormatIpv4AddrRecord  llmnr_responder.o
    0x1a025818   0x0000010c   Code   RO         5783    i.llmnrProcessQuery  llmnr_responder.o
    0x1a025924   0x00000038   Code   RO         5784    i.llmnrResponderInit  llmnr_responder.o
    0x1a02595c   0x0000018c   Code   RO         5785    i.llmnrSendResponse  llmnr_responder.o
    0x1a025ae8   0x00000088   Code   RO        16790    i.loadAlarmLog      alarm.o
    0x1a025b70   0x00000198   Code   RO        16791    i.loadAlarmStatus   alarm.o
    0x1a025d08   0x0000006c   Code   RO        15672    i.loadDemand        meter.o
    0x1a025d74   0x00000064   Code   RO        15674    i.loadEnergy        meter.o
    0x1a025dd8   0x000000c0   Code   RO        15676    i.loadEnergyLogFs   meter.o
    0x1a025e98   0x00000268   Code   RO        15677    i.loadEnergyNVR     meter.o
    0x1a026100   0x00000098   Code   RO        16792    i.loadEventLog      alarm.o
    0x1a026198   0x000000bc   Code   RO        15678    i.loadHwSettings    meter.o
    0x1a026254   0x00000060   Code   RO        15679    i.loadMaxMin        meter.o
    0x1a0262b4   0x0000013c   Code   RO        15680    i.loadSettings      meter.o
    0x1a0263f0   0x00000040   Code   RO         2509    i.lpc43xxEthCalcCrc  lpc43xx_eth_driver.o
    0x1a026430   0x00000060   Code   RO         2510    i.lpc43xxEthDisableIrq  lpc43xx_eth_driver.o
    0x1a026490   0x0000004a   Code   RO         2511    i.lpc43xxEthEnableIrq  lpc43xx_eth_driver.o
    0x1a0264da   0x00000002   PAD
    0x1a0264dc   0x00000038   Code   RO         2512    i.lpc43xxEthEventHandler  lpc43xx_eth_driver.o
    0x1a026514   0x00000234   Code   RO         2513    i.lpc43xxEthInit    lpc43xx_eth_driver.o
    0x1a026748   0x00000118   Code   RO         2514    i.lpc43xxEthInitDmaDesc  lpc43xx_eth_driver.o
    0x1a026860   0x000000c0   Code   RO         2515    i.lpc43xxEthInitGpio  lpc43xx_eth_driver.o
    0x1a026920   0x0000004c   Code   RO         2516    i.lpc43xxEthReadPhyReg  lpc43xx_eth_driver.o
    0x1a02696c   0x000000b0   Code   RO         2517    i.lpc43xxEthReceivePacket  lpc43xx_eth_driver.o
    0x1a026a1c   0x000000a8   Code   RO         2518    i.lpc43xxEthSendPacket  lpc43xx_eth_driver.o
    0x1a026ac4   0x00000024   Code   RO         2519    i.lpc43xxEthTick    lpc43xx_eth_driver.o
    0x1a026ae8   0x00000078   Code   RO         2520    i.lpc43xxEthUpdateMacAddrFilter  lpc43xx_eth_driver.o
    0x1a026b60   0x0000003c   Code   RO         2521    i.lpc43xxEthUpdateMacConfig  lpc43xx_eth_driver.o
    0x1a026b9c   0x00000044   Code   RO         2522    i.lpc43xxEthWritePhyReg  lpc43xx_eth_driver.o
    0x1a026be0   0x00000022   Code   RO        16434    i.macAddrGet        app_main.o
    0x1a026c02   0x00000002   PAD
    0x1a026c04   0x000000f4   Code   RO        16435    i.macAddrGetStr     app_main.o
    0x1a026cf8   0x0000002a   Code   RO         2879    i.macAddrToEui64    ethernet.o
    0x1a026d22   0x000000ba   Code   RO         2881    i.macStringToAddr   ethernet.o
    0x1a026ddc   0x00000020   Code   RO          139    i.main              main.o
    0x1a026dfc   0x00000d6e   Code   RO        15681    i.makeRandomData    meter.o
    0x1a027b6a   0x00000002   PAD
    0x1a027b6c   0x0000005c   Code   RO        15682    i.makeRdData        meter.o
    0x1a027bc8   0x00000124   Code   RO        15683    i.maxMinPower       meter.o
    0x1a027cec   0x00000204   Code   RO        15684    i.maxMinRmsFreq     meter.o
    0x1a027ef0   0x000000f0   Code   RO        15685    i.maxMinTHD         meter.o
    0x1a027fe0   0x0000000c   Code   RO        14717    i.mc0_DevCtrl       file_config.o
    0x1a027fec   0x0000000c   Code   RO        14718    i.mc0_Init          file_config.o
    0x1a027ff8   0x0000000c   Code   RO        14719    i.mc0_RdInfo        file_config.o
    0x1a028004   0x0000000c   Code   RO        14720    i.mc0_RdSect        file_config.o
    0x1a028010   0x0000000c   Code   RO        14721    i.mc0_UnInit        file_config.o
    0x1a02801c   0x0000000c   Code   RO        14722    i.mc0_WrSect        file_config.o
    0x1a028028   0x00000024   Code   RO        17747    i.mci_DevCtrl       FS_CM3.lib(fs_mci.o)
    0x1a02804c   0x00000264   Code   RO        17748    i.mci_Init          FS_CM3.lib(fs_mci.o)
    0x1a0282b0   0x0000007c   Code   RO        17749    i.mci_ReadInfo      FS_CM3.lib(fs_mci.o)
    0x1a02832c   0x00000098   Code   RO        17750    i.mci_ReadSector    FS_CM3.lib(fs_mci.o)
    0x1a0283c4   0x0000001a   Code   RO        17751    i.mci_UnInit        FS_CM3.lib(fs_mci.o)
    0x1a0283de   0x00000098   Code   RO        17752    i.mci_WriteSector   FS_CM3.lib(fs_mci.o)
    0x1a028476   0x00000080   Code   RO        17753    i.mci_read_cid      FS_CM3.lib(fs_mci.o)
    0x1a0284f6   0x00000002   PAD
    0x1a0284f8   0x000000b4   Code   RO        17754    i.mci_read_csd      FS_CM3.lib(fs_mci.o)
    0x1a0285ac   0x0000003c   Code   RO        17755    i.mci_select_card   FS_CM3.lib(fs_mci.o)
    0x1a0285e8   0x0000002a   Code   RO        17756    i.mci_send_acmd     FS_CM3.lib(fs_mci.o)
    0x1a028612   0x00000020   Code   RO        17757    i.mci_send_stop     FS_CM3.lib(fs_mci.o)
    0x1a028632   0x00000054   Code   RO        17758    i.mci_wait_for_tran  FS_CM3.lib(fs_mci.o)
    0x1a028686   0x00000002   PAD
    0x1a028688   0x00000024   Code   RO          822    i.mdio_dir          smi_driver.o
    0x1a0286ac   0x00000042   Code   RO          824    i.mdio_read         smi_driver.o
    0x1a0286ee   0x00000048   Code   RO          825    i.mdio_write        smi_driver.o
    0x1a028736   0x00000002   PAD
    0x1a028738   0x00000044   Code   RO         2146    i.memPoolAlloc      net_mem.o
    0x1a02877c   0x0000000c   Code   RO         2147    i.memPoolFree       net_mem.o
    0x1a028788   0x00000004   Code   RO         2149    i.memPoolInit       net_mem.o
    0x1a02878c   0x00000020   Code   RO        15097    i.meterIrqSvc       ade9000.o
    0x1a0287ac   0x00000012   Code   RO         8590    i.mibCompMacAddr    mib_common.o
    0x1a0287be   0x00000026   Code   RO         8591    i.mibDecodeIndex    mib_common.o
    0x1a0287e4   0x00000040   Code   RO         8595    i.mibDecodeMacAddr  mib_common.o
    0x1a028824   0x00000038   Code   RO         8599    i.mibDecodePort     mib_common.o
    0x1a02885c   0x0000001c   Code   RO         8602    i.mibEncodeIndex    mib_common.o
    0x1a028878   0x00000030   Code   RO         8606    i.mibEncodeMacAddr  mib_common.o
    0x1a0288a8   0x0000001c   Code   RO         8610    i.mibEncodePort     mib_common.o
    0x1a0288c4   0x00000024   Code   RO         8613    i.mibTestAndIncSpinLock  mib_common.o
    0x1a0288e8   0x00000006   Code   RO         6625    i.modbusDumpRequestPdu  modbus_debug.o
    0x1a0288ee   0x00000006   Code   RO         6626    i.modbusDumpResponsePdu  modbus_debug.o
    0x1a0288f4   0x000000a0   Code   RO         7013    i.modbusServerAcceptConnection  modbus_server_transport.o
    0x1a028994   0x00000024   Code   RO         7014    i.modbusServerCloseConnection  modbus_server_transport.o
    0x1a0289b8   0x0000001a   Code   RO         6773    i.modbusServerDeinit  modbus_server.o
    0x1a0289d2   0x00000032   Code   RO         6929    i.modbusServerFormatExceptionResp  modbus_server_pdu.o
    0x1a028a04   0x00000048   Code   RO         6821    i.modbusServerFormatMbapHeader  modbus_server_misc.o
    0x1a028a4c   0x00000048   Code   RO         6774    i.modbusServerGetDefaultSettings  modbus_server.o
    0x1a028a94   0x0000001e   Code   RO         6822    i.modbusServerGetRequestPdu  modbus_server_misc.o
    0x1a028ab2   0x00000008   Code   RO         6823    i.modbusServerGetResponsePdu  modbus_server_misc.o
    0x1a028aba   0x0000004a   Code   RO         6775    i.modbusServerInit  modbus_server.o
    0x1a028b04   0x00000010   Code   RO         6824    i.modbusServerLock  modbus_server_misc.o
    0x1a028b14   0x00000002   Code   RO          140    i.modbusServerLockCallback  main.o
    0x1a028b16   0x00000030   Code   RO          141    i.modbusServerOpenCallback  main.o
    0x1a028b46   0x00000048   Code   RO         6825    i.modbusServerParseMbapHeader  modbus_server_misc.o
    0x1a028b8e   0x00000178   Code   RO         6826    i.modbusServerProcessConnectionEvents  modbus_server_misc.o
    0x1a028d06   0x000000aa   Code   RO         6930    i.modbusServerProcessMaskWriteRegReq  modbus_server_pdu.o
    0x1a028db0   0x00000132   Code   RO         6931    i.modbusServerProcessReadCoilsReq  modbus_server_pdu.o
    0x1a028ee2   0x00000132   Code   RO         6932    i.modbusServerProcessReadDiscreteInputsReq  modbus_server_pdu.o
    0x1a029014   0x000000ac   Code   RO         6933    i.modbusServerProcessReadHoldingRegsReq  modbus_server_pdu.o
    0x1a0290c0   0x000000ac   Code   RO         6934    i.modbusServerProcessReadInputRegsReq  modbus_server_pdu.o
    0x1a02916c   0x00000154   Code   RO         6935    i.modbusServerProcessReadWriteMultipleRegsReq  modbus_server_pdu.o
    0x1a0292c0   0x0000015e   Code   RO         6936    i.modbusServerProcessRequest  modbus_server_pdu.o
    0x1a02941e   0x00000132   Code   RO         6937    i.modbusServerProcessWriteMultipleCoilsReq  modbus_server_pdu.o
    0x1a029550   0x000000fc   Code   RO         6938    i.modbusServerProcessWriteMultipleRegsReq  modbus_server_pdu.o
    0x1a02964c   0x00000096   Code   RO         6939    i.modbusServerProcessWriteSingleCoilReq  modbus_server_pdu.o
    0x1a0296e2   0x00000078   Code   RO         6940    i.modbusServerProcessWriteSingleRegReq  modbus_server_pdu.o
    0x1a02975a   0x00000028   Code   RO         6827    i.modbusServerReadCoil  modbus_server_misc.o
    0x1a029782   0x00000002   PAD
    0x1a029784   0x00000048   Code   RO          142    i.modbusServerReadCoilCallback  main.o
    0x1a0297cc   0x0000003c   Code   RO         6828    i.modbusServerReadDiscreteInput  modbus_server_misc.o
    0x1a029808   0x0000003c   Code   RO         6829    i.modbusServerReadHoldingReg  modbus_server_misc.o
    0x1a029844   0x0000003c   Code   RO         6830    i.modbusServerReadInputReg  modbus_server_misc.o
    0x1a029880   0x00000020   Code   RO          143    i.modbusServerReadRegCallback  main.o
    0x1a0298a0   0x00000028   Code   RO         7015    i.modbusServerReceiveData  modbus_server_transport.o
    0x1a0298c8   0x0000004e   Code   RO         6831    i.modbusServerRegisterConnectionEvents  modbus_server_misc.o
    0x1a029916   0x00000028   Code   RO         7016    i.modbusServerSendData  modbus_server_transport.o
    0x1a02993e   0x00000046   Code   RO         7017    i.modbusServerShutdownConnection  modbus_server_transport.o
    0x1a029984   0x000000b8   Code   RO         6776    i.modbusServerStart  modbus_server.o
    0x1a029a3c   0x000000de   Code   RO         6778    i.modbusServerTask  modbus_server.o
    0x1a029b1a   0x0000004c   Code   RO         6832    i.modbusServerTick  modbus_server_misc.o
    0x1a029b66   0x00000030   Code   RO         6833    i.modbusServerTranslateExceptionCode  modbus_server_misc.o
    0x1a029b96   0x00000010   Code   RO         6834    i.modbusServerUnlock  modbus_server_misc.o
    0x1a029ba6   0x00000002   Code   RO          144    i.modbusServerUnlockCallback  main.o
    0x1a029ba8   0x0000002e   Code   RO         6835    i.modbusServerWriteCoil  modbus_server_misc.o
    0x1a029bd6   0x00000008   Code   RO          145    i.modbusServerWriteCoilCallback  main.o
    0x1a029bde   0x0000002e   Code   RO         6836    i.modbusServerWriteReg  modbus_server_misc.o
    0x1a029c0c   0x0000001e   Code   RO          146    i.modbusServerWriteRegCallback  main.o
    0x1a029c2a   0x00000002   PAD
    0x1a029c2c   0x00000094   Code   RO          147    i.n_send            main.o
    0x1a029cc0   0x00000008   Code   RO        18117    i.name_hash         FS_CM3.lib(fs_fat.o)
    0x1a029cc8   0x000000d8   Code   RO         5739    i.nbnsCompareName   nbns_common.o
    0x1a029da0   0x00000078   Code   RO         5740    i.nbnsEncodeName    nbns_common.o
    0x1a029e18   0x00000020   Code   RO         5741    i.nbnsInit          nbns_common.o
    0x1a029e38   0x000000be   Code   RO         5742    i.nbnsParseName     nbns_common.o
    0x1a029ef6   0x00000076   Code   RO         5743    i.nbnsProcessMessage  nbns_common.o
    0x1a029f6c   0x00000088   Code   RO         5721    i.nbnsProcessQuery  nbns_responder.o
    0x1a029ff4   0x00000100   Code   RO         5697    i.nbnsProcessResponse  nbns_client.o
    0x1a02a0f4   0x000000ec   Code   RO         5698    i.nbnsResolve       nbns_client.o
    0x1a02a1e0   0x00000100   Code   RO         5699    i.nbnsSendQuery     nbns_client.o
    0x1a02a2e0   0x0000015c   Code   RO         5722    i.nbnsSendResponse  nbns_responder.o
    0x1a02a43c   0x00000010   Code   RO        17635    i.negateAlarm       iom.o
    0x1a02a44c   0x00000010   Code   RO        17636    i.negateEvent       iom.o
    0x1a02a45c   0x00000030   Code   RO         2241    i.netAttachTimerCallback  net_misc.o
    0x1a02a48c   0x00000046   Code   RO         2150    i.netBufferAlloc    net_mem.o
    0x1a02a4d2   0x00000038   Code   RO         2151    i.netBufferAppend   net_mem.o
    0x1a02a50a   0x0000004e   Code   RO         2152    i.netBufferAt       net_mem.o
    0x1a02a558   0x000000be   Code   RO         2153    i.netBufferConcat   net_mem.o
    0x1a02a616   0x0000013e   Code   RO         2154    i.netBufferCopy     net_mem.o
    0x1a02a754   0x00000014   Code   RO         2155    i.netBufferFree     net_mem.o
    0x1a02a768   0x0000001e   Code   RO         2156    i.netBufferGetLength  net_mem.o
    0x1a02a786   0x00000084   Code   RO         2157    i.netBufferRead     net_mem.o
    0x1a02a80a   0x000000ca   Code   RO         2158    i.netBufferSetLength  net_mem.o
    0x1a02a8d4   0x00000084   Code   RO         2159    i.netBufferWrite    net_mem.o
    0x1a02a958   0x000000f0   Code   RO         7598    i.netConfigInterface  net.o
    0x1a02aa48   0x00000034   Code   RO         2243    i.netDetachTimerCallback  net_misc.o
    0x1a02aa7c   0x00000028   Code   RO         2244    i.netGenerateRand   net_misc.o
    0x1a02aaa4   0x000000ce   Code   RO         2245    i.netGenerateRandBit  net_misc.o
    0x1a02ab72   0x00000024   Code   RO         2247    i.netGenerateRandRange  net_misc.o
    0x1a02ab96   0x00000002   PAD
    0x1a02ab98   0x00000008   Code   RO         7600    i.netGetDefaultInterface  net.o
    0x1a02aba0   0x00000018   Code   RO         7601    i.netGetDefaultSettings  net.o
    0x1a02abb8   0x00000030   Code   RO         7609    i.netGetRandRange   net.o
    0x1a02abe8   0x00000026   Code   RO         2248    i.netGetRemainingTime  net_misc.o
    0x1a02ac0e   0x00000002   PAD
    0x1a02ac10   0x00000024   Code   RO         7610    i.netInit           net.o
    0x1a02ac34   0x00000110   Code   RO         7611    i.netInitEx         net.o
    0x1a02ad44   0x000000b4   Code   RO         2249    i.netInitRand       net_misc.o
    0x1a02adf8   0x00000228   Code   RO         2250    i.netProcessLinkChange  net_misc.o
    0x1a02b020   0x00000024   Code   RO         7613    i.netSetDriver      net.o
    0x1a02b044   0x0000003c   Code   RO         7616    i.netSetHostname    net.o
    0x1a02b080   0x0000003c   Code   RO         7618    i.netSetInterfaceName  net.o
    0x1a02b0bc   0x0000003c   Code   RO         7620    i.netSetMacAddr     net.o
    0x1a02b0f8   0x00000028   Code   RO         7624    i.netSetSmiDriver   net.o
    0x1a02b120   0x00000028   Code   RO         7626    i.netSetSwitchDriver  net.o
    0x1a02b148   0x0000002c   Code   RO         7631    i.netStart          net.o
    0x1a02b174   0x00000014   Code   RO         2251    i.netStartTimer     net_misc.o
    0x1a02b188   0x00000006   Code   RO         2252    i.netStopTimer      net_misc.o
    0x1a02b18e   0x00000002   PAD
    0x1a02b190   0x00000120   Code   RO         7635    i.netTaskEx         net.o
    0x1a02b2b0   0x000001e0   Code   RO         2253    i.netTick           net_misc.o
    0x1a02b490   0x00000020   Code   RO         2254    i.netTimerExpired   net_misc.o
    0x1a02b4b0   0x00000006   Code   RO         2255    i.netTimerRunning   net_misc.o
    0x1a02b4b6   0x00000002   Code   RO         2691    i.nicGetLogicalInterface  nic.o
    0x1a02b4b8   0x0000001e   Code   RO         2692    i.nicGetPhysicalInterface  nic.o
    0x1a02b4d6   0x00000026   Code   RO         2693    i.nicGetSwitchPort  nic.o
    0x1a02b4fc   0x00000028   Code   RO         2696    i.nicIsParentInterface  nic.o
    0x1a02b524   0x00000084   Code   RO         2697    i.nicNotifyLinkChange  nic.o
    0x1a02b5a8   0x0000005c   Code   RO         2698    i.nicProcessPacket  nic.o
    0x1a02b604   0x00000078   Code   RO         2699    i.nicSendPacket     nic.o
    0x1a02b67c   0x00000026   Code   RO         2700    i.nicTick           nic.o
    0x1a02b6a2   0x0000002e   Code   RO         2701    i.nicUpdateMacAddrFilter  nic.o
    0x1a02b6d0   0x00000044   Code   RO        14630    i.oidCheck          oid.o
    0x1a02b714   0x00000112   Code   RO        14631    i.oidComp           oid.o
    0x1a02b826   0x00000046   Code   RO        14633    i.oidDecodeSubIdentifier  oid.o
    0x1a02b86c   0x00000058   Code   RO        14634    i.oidEncodeSubIdentifier  oid.o
    0x1a02b8c4   0x00000018   Code   RO         1746    i.osAcquireMutex    os_port_rtx.o
    0x1a02b8dc   0x00000018   Code   RO         1747    i.osAllocMem        os_port_rtx.o
    0x1a02b8f4   0x00000018   Code   RO         1748    i.osCreateEvent     os_port_rtx.o
    0x1a02b90c   0x00000014   Code   RO         1749    i.osCreateMutex     os_port_rtx.o
    0x1a02b920   0x00000044   Code   RO         1751    i.osCreateTask      os_port_rtx.o
    0x1a02b964   0x00000030   Code   RO         1752    i.osDelayTask       os_port_rtx.o
    0x1a02b994   0x00000002   Code   RO         1753    i.osDeleteEvent     os_port_rtx.o
    0x1a02b996   0x00000002   Code   RO         1754    i.osDeleteMutex     os_port_rtx.o
    0x1a02b998   0x00000020   Code   RO         1756    i.osDeleteTask      os_port_rtx.o
    0x1a02b9b8   0x00000016   Code   RO         1757    i.osFreeMem         os_port_rtx.o
    0x1a02b9ce   0x00000002   PAD
    0x1a02b9d0   0x00000014   Code   RO         1758    i.osGetSystemTime   os_port_rtx.o
    0x1a02b9e4   0x0000000c   Code   RO         1759    i.osInitKernel      os_port_rtx.o
    0x1a02b9f0   0x00000014   Code   RO         1760    i.osReleaseMutex    os_port_rtx.o
    0x1a02ba04   0x0000001c   Code   RO         1762    i.osResetEvent      os_port_rtx.o
    0x1a02ba20   0x00000002   Code   RO         1763    i.osResumeAllTasks  os_port_rtx.o
    0x1a02ba22   0x00000002   PAD
    0x1a02ba24   0x00000014   Code   RO         1764    i.osSetEvent        os_port_rtx.o
    0x1a02ba38   0x0000000e   Code   RO         1765    i.osSetEventFromIsr  os_port_rtx.o
    0x1a02ba46   0x00000002   PAD
    0x1a02ba48   0x00000024   Code   RO         1766    i.osStartKernel     os_port_rtx.o
    0x1a02ba6c   0x00000002   Code   RO         1767    i.osSuspendAllTasks  os_port_rtx.o
    0x1a02ba6e   0x00000002   PAD
    0x1a02ba70   0x00000018   Code   RO         1769    i.osThreadFlagsSet  os_port_rtx.o
    0x1a02ba88   0x00000024   Code   RO         1770    i.osThreadFlagsWait  os_port_rtx.o
    0x1a02baac   0x00000070   Code   RO         1772    i.osWaitForEvent    os_port_rtx.o
    0x1a02bb1c   0x00000004   Code   RO        14990    i.os_error          rtx_conf_cm.o
    0x1a02bb20   0x00000004   Code   RO        14991    i.os_idle_demon     rtx_conf_cm.o
    0x1a02bb24   0x00000028   Code   RO        18250    i.os_tick_init      RTX_CM4.lib(rt_system.o)
    0x1a02bb4c   0x00000002   Code   RO        18251    i.os_tick_irqack    RTX_CM4.lib(rt_system.o)
    0x1a02bb4e   0x00000002   Code   RO        14992    i.os_tmr_call       rtx_conf_cm.o
    0x1a02bb50   0x00000054   Code   RO          826    i.output_MDIO       smi_driver.o
    0x1a02bba4   0x00000040   Code   RO         2080    i.pathAddSlash      path.o
    0x1a02bbe4   0x000001ec   Code   RO         2081    i.pathCanonicalize  path.o
    0x1a02bdd0   0x00000062   Code   RO         2082    i.pathCombine       path.o
    0x1a02be32   0x00000030   Code   RO         2083    i.pathCopy          path.o
    0x1a02be62   0x00000016   Code   RO         2085    i.pathIsAbsolute    path.o
    0x1a02be78   0x00000016   Code   RO         2086    i.pathIsRelative    path.o
    0x1a02be8e   0x00000076   Code   RO         2087    i.pathMatch         path.o
    0x1a02bf04   0x00000034   Code   RO         2089    i.pathRemoveSlash   path.o
    0x1a02bf38   0x0000006c   Code   RO        17541    i.popCliData        proxy.o
    0x1a02bfa4   0x0000003c   Code   RO        16436    i.priDnsIpGet       app_main.o
    0x1a02bfe0   0x00000044   Code   RO        17545    i.pushSvrCmd        proxy.o
    0x1a02c024   0x00000060   Code   RO        17546    i.pushSvrData       proxy.o
    0x1a02c084   0x00000068   Code   RO        17142    i.putCmdQ           modbus.o
    0x1a02c0ec   0x000000ac   Code   RO        15688    i.putDemandBin      meter.o
    0x1a02c198   0x00000260   Code   RO        15689    i.putEnergyLog      meter.o
    0x1a02c3f8   0x00000044   Code   RO        15690    i.putFsQ            meter.o
    0x1a02c43c   0x00000054   Code   RO        15102    i.radians           ade9000.o
    0x1a02c490   0x0000005c   Code   RO        17150    i.readMemCb         modbus.o
    0x1a02c4ec   0x0000007a   Code   RO        18118    i.read_cache        FS_CM3.lib(fs_fat.o)
    0x1a02c566   0x00000036   Code   RO        18120    i.read_last_entry   FS_CM3.lib(fs_fat.o)
    0x1a02c59c   0x00000052   Code   RO        18121    i.read_sector       FS_CM3.lib(fs_fat.o)
    0x1a02c5ee   0x00000014   Code   RO           23    i.readchar          retarget.o
    0x1a02c602   0x00000002   PAD
    0x1a02c604   0x0000002c   Code   RO        17015    i.reqFactoryReset   smb_rtu.o
    0x1a02c630   0x00000028   Code   RO        17016    i.reqReboot         smb_rtu.o
    0x1a02c658   0x0000002c   Code   RO        17017    i.reqSaveSettings   smb_rtu.o
    0x1a02c684   0x00000064   Code   RO        15691    i.resetAlarm        meter.o
    0x1a02c6e8   0x00000184   Code   RO        15692    i.resetDemand       meter.o
    0x1a02c86c   0x0000004c   Code   RO        13190    i.rstpAddStaticFdbEntry  rstp_misc.o
    0x1a02c8b8   0x00000006   Code   RO        12782    i.rstpAdminEdge     rstp_conditions.o
    0x1a02c8be   0x00000056   Code   RO        12783    i.rstpAllSynced     rstp_conditions.o
    0x1a02c914   0x00000006   Code   RO        12784    i.rstpAutoEdge      rstp_conditions.o
    0x1a02c91a   0x0000002e   Code   RO        12702    i.rstpBdmChangeState  rstp_bdm.o
    0x1a02c948   0x0000006a   Code   RO        12703    i.rstpBdmFsm        rstp_bdm.o
    0x1a02c9b2   0x00000020   Code   RO        12704    i.rstpBdmInit       rstp_bdm.o
    0x1a02c9d2   0x0000004c   Code   RO        13406    i.rstpBetterOrSameInfo  rstp_procedures.o
    0x1a02ca1e   0x0000001c   Code   RO        13191    i.rstpCheckBridgeParams  rstp_misc.o
    0x1a02ca3a   0x00000024   Code   RO        13407    i.rstpClearReselectTree  rstp_procedures.o
    0x1a02ca5e   0x00000012   Code   RO        13192    i.rstpCompareBridgeAddr  rstp_misc.o
    0x1a02ca70   0x0000002e   Code   RO        13193    i.rstpCompareBridgeId  rstp_misc.o
    0x1a02ca9e   0x00000022   Code   RO        13194    i.rstpComparePortNum  rstp_misc.o
    0x1a02cac0   0x000000a6   Code   RO        13195    i.rstpComparePriority  rstp_misc.o
    0x1a02cb66   0x0000002c   Code   RO        13196    i.rstpCompareTimes  rstp_misc.o
    0x1a02cb92   0x00000002   PAD
    0x1a02cb94   0x0000005c   Code   RO        13197    i.rstpConfigurePermanentDatabase  rstp_misc.o
    0x1a02cbf0   0x0000000c   Code   RO        13198    i.rstpDecrementTimer  rstp_misc.o
    0x1a02cbfc   0x00000044   Code   RO        13199    i.rstpDeleteStaticFdbEntry  rstp_misc.o
    0x1a02cc40   0x00000044   Code   RO        13408    i.rstpDisableForwarding  rstp_procedures.o
    0x1a02cc84   0x00000048   Code   RO        13409    i.rstpDisableLearning  rstp_procedures.o
    0x1a02cccc   0x00000006   Code   RO        12730    i.rstpDumpBpdu      rstp_bpdu.o
    0x1a02ccd2   0x0000001e   Code   RO        12785    i.rstpEdgeDelay     rstp_conditions.o
    0x1a02ccf0   0x00000050   Code   RO        13410    i.rstpEnableForwarding  rstp_procedures.o
    0x1a02cd40   0x00000048   Code   RO        13411    i.rstpEnableLearning  rstp_procedures.o
    0x1a02cd88   0x00000024   Code   RO        13200    i.rstpEnableRsvdMcastTable  rstp_misc.o
    0x1a02cdac   0x00000064   Code   RO        13201    i.rstpFlushFdbTable  rstp_misc.o
    0x1a02ce10   0x00000020   Code   RO        12786    i.rstpForwardDelay  rstp_conditions.o
    0x1a02ce30   0x00000098   Code   RO        12866    i.rstpFsm           rstp_fsm.o
    0x1a02cec8   0x00000038   Code   RO        12867    i.rstpFsmError      rstp_fsm.o
    0x1a02cf00   0x0000013c   Code   RO        12868    i.rstpFsmInit       rstp_fsm.o
    0x1a02d03c   0x00000008   Code   RO        12787    i.rstpFwdDelay      rstp_conditions.o
    0x1a02d044   0x00000030   Code   RO        13202    i.rstpGeneratePortAddr  rstp_misc.o
    0x1a02d074   0x00000044   Code   RO        13203    i.rstpGetBridgePort  rstp_misc.o
    0x1a02d0b8   0x0000000a   Code   RO        12344    i.rstpGetDefaultSettings  rstp.o
    0x1a02d0c2   0x0000002e   Code   RO        12363    i.rstpGetPortState  rstp.o
    0x1a02d0f0   0x00000008   Code   RO        12788    i.rstpHelloTime     rstp_conditions.o
    0x1a02d0f8   0x00000128   Code   RO        12370    i.rstpInit          rstp.o
    0x1a02d220   0x00000010   Code   RO        13205    i.rstpLock          rstp_misc.o
    0x1a02d230   0x00000008   Code   RO        12789    i.rstpMaxAge        rstp_conditions.o
    0x1a02d238   0x00000032   Code   RO        12890    i.rstpMgmtGetAdminEdgePort  rstp_mgmt.o
    0x1a02d26a   0x00000032   Code   RO        12891    i.rstpMgmtGetAdminPointToPointMac  rstp_mgmt.o
    0x1a02d29c   0x00000032   Code   RO        12892    i.rstpMgmtGetAdminPortPathCost  rstp_mgmt.o
    0x1a02d2ce   0x00000032   Code   RO        12893    i.rstpMgmtGetAdminPortState  rstp_mgmt.o
    0x1a02d300   0x00000014   Code   RO        12894    i.rstpMgmtGetAgeingTime  rstp_mgmt.o
    0x1a02d314   0x0000001a   Code   RO        12896    i.rstpMgmtGetBridgeAddr  rstp_mgmt.o
    0x1a02d32e   0x00000014   Code   RO        12897    i.rstpMgmtGetBridgeForwardDelay  rstp_mgmt.o
    0x1a02d342   0x00000014   Code   RO        12898    i.rstpMgmtGetBridgeHelloTime  rstp_mgmt.o
    0x1a02d356   0x00000014   Code   RO        12899    i.rstpMgmtGetBridgeMaxAge  rstp_mgmt.o
    0x1a02d36a   0x00000014   Code   RO        12900    i.rstpMgmtGetBridgePriority  rstp_mgmt.o
    0x1a02d37e   0x00000018   Code   RO        12901    i.rstpMgmtGetDesignatedRoot  rstp_mgmt.o
    0x1a02d396   0x00000016   Code   RO        12902    i.rstpMgmtGetForwardDelay  rstp_mgmt.o
    0x1a02d3ac   0x00000032   Code   RO        12903    i.rstpMgmtGetForwardTransitions  rstp_mgmt.o
    0x1a02d3de   0x00000016   Code   RO        12904    i.rstpMgmtGetHelloTime  rstp_mgmt.o
    0x1a02d3f4   0x00000014   Code   RO        12906    i.rstpMgmtGetMaxAge  rstp_mgmt.o
    0x1a02d408   0x00000014   Code   RO        12907    i.rstpMgmtGetNumPorts  rstp_mgmt.o
    0x1a02d41c   0x00000034   Code   RO        12908    i.rstpMgmtGetOperEdgePort  rstp_mgmt.o
    0x1a02d450   0x00000032   Code   RO        12909    i.rstpMgmtGetOperPointToPointMac  rstp_mgmt.o
    0x1a02d482   0x0000003a   Code   RO        12911    i.rstpMgmtGetPortDesignatedBridge  rstp_mgmt.o
    0x1a02d4bc   0x00000034   Code   RO        12912    i.rstpMgmtGetPortDesignatedCost  rstp_mgmt.o
    0x1a02d4f0   0x00000036   Code   RO        12913    i.rstpMgmtGetPortDesignatedPort  rstp_mgmt.o
    0x1a02d526   0x0000003a   Code   RO        12914    i.rstpMgmtGetPortDesignatedRoot  rstp_mgmt.o
    0x1a02d560   0x00000034   Code   RO        12915    i.rstpMgmtGetPortPathCost  rstp_mgmt.o
    0x1a02d594   0x0000003a   Code   RO        12916    i.rstpMgmtGetPortPriority  rstp_mgmt.o
    0x1a02d5ce   0x0000009c   Code   RO        12918    i.rstpMgmtGetPortState  rstp_mgmt.o
    0x1a02d66a   0x00000014   Code   RO        12919    i.rstpMgmtGetRootPathCost  rstp_mgmt.o
    0x1a02d67e   0x0000001a   Code   RO        12920    i.rstpMgmtGetRootPort  rstp_mgmt.o
    0x1a02d698   0x00000016   Code   RO        12921    i.rstpMgmtGetTimeSinceTopologyChange  rstp_mgmt.o
    0x1a02d6ae   0x00000016   Code   RO        12922    i.rstpMgmtGetTopologyChanges  rstp_mgmt.o
    0x1a02d6c4   0x00000014   Code   RO        12923    i.rstpMgmtGetTxHoldCount  rstp_mgmt.o
    0x1a02d6d8   0x00000014   Code   RO        12924    i.rstpMgmtGetVersion  rstp_mgmt.o
    0x1a02d6ec   0x00000068   Code   RO        12925    i.rstpMgmtSetAdminEdgePort  rstp_mgmt.o
    0x1a02d754   0x0000005e   Code   RO        12926    i.rstpMgmtSetAdminPointToPointMac  rstp_mgmt.o
    0x1a02d7b2   0x00000002   PAD
    0x1a02d7b4   0x0000006c   Code   RO        12927    i.rstpMgmtSetAdminPortPathCost  rstp_mgmt.o
    0x1a02d820   0x0000005c   Code   RO        12928    i.rstpMgmtSetAdminPortState  rstp_mgmt.o
    0x1a02d87c   0x00000048   Code   RO        12929    i.rstpMgmtSetAgeingTime  rstp_mgmt.o
    0x1a02d8c4   0x0000004a   Code   RO        12930    i.rstpMgmtSetAutoEdgePort  rstp_mgmt.o
    0x1a02d90e   0x0000007a   Code   RO        12931    i.rstpMgmtSetBridgeForwardDelay  rstp_mgmt.o
    0x1a02d988   0x00000078   Code   RO        12932    i.rstpMgmtSetBridgeHelloTime  rstp_mgmt.o
    0x1a02da00   0x0000007a   Code   RO        12933    i.rstpMgmtSetBridgeMaxAge  rstp_mgmt.o
    0x1a02da7a   0x00000092   Code   RO        12934    i.rstpMgmtSetBridgePriority  rstp_mgmt.o
    0x1a02db0c   0x00000080   Code   RO        12935    i.rstpMgmtSetPortPriority  rstp_mgmt.o
    0x1a02db8c   0x0000004e   Code   RO        12936    i.rstpMgmtSetProtocolMigration  rstp_mgmt.o
    0x1a02dbda   0x00000046   Code   RO        12937    i.rstpMgmtSetTxHoldCount  rstp_mgmt.o
    0x1a02dc20   0x0000002e   Code   RO        12938    i.rstpMgmtSetVersion  rstp_mgmt.o
    0x1a02dc4e   0x00000002   PAD
    0x1a02dc50   0x000001e8   Code   RO        14223    i.rstpMibGetDot1dStpExtPortEntry  rstp_mib_impl.o
    0x1a02de38   0x0000002c   Code   RO        14224    i.rstpMibGetDot1dStpTxHoldCount  rstp_mib_impl.o
    0x1a02de64   0x0000002c   Code   RO        14225    i.rstpMibGetDot1dStpVersion  rstp_mib_impl.o
    0x1a02de90   0x000000c0   Code   RO        14226    i.rstpMibGetNextDot1dStpExtPortEntry  rstp_mib_impl.o
    0x1a02df50   0x00000044   Code   RO        14227    i.rstpMibInit       rstp_mib_impl.o
    0x1a02df94   0x000001cc   Code   RO        14228    i.rstpMibSetDot1dStpExtPortEntry  rstp_mib_impl.o
    0x1a02e160   0x00000034   Code   RO        14229    i.rstpMibSetDot1dStpTxHoldCount  rstp_mib_impl.o
    0x1a02e194   0x00000034   Code   RO        14230    i.rstpMibSetDot1dStpVersion  rstp_mib_impl.o
    0x1a02e1c8   0x00000010   Code   RO        14231    i.rstpMibSetRstpBridgeContext  rstp_mib_impl.o
    0x1a02e1d8   0x00000006   Code   RO        12790    i.rstpMigrateTime   rstp_conditions.o
    0x1a02e1de   0x00000032   Code   RO        13412    i.rstpNewTcWhile    rstp_procedures.o
    0x1a02e210   0x00000180   Code   RO        13347    i.rstpPimChangeState  rstp_pim.o
    0x1a02e390   0x0000012e   Code   RO        13348    i.rstpPimFsm        rstp_pim.o
    0x1a02e4be   0x0000000e   Code   RO        13349    i.rstpPimInit       rstp_pim.o
    0x1a02e4cc   0x0000005e   Code   RO        13378    i.rstpPpmChangeState  rstp_ppm.o
    0x1a02e52a   0x000000a4   Code   RO        13379    i.rstpPpmFsm        rstp_ppm.o
    0x1a02e5ce   0x0000000e   Code   RO        13380    i.rstpPpmInit       rstp_ppm.o
    0x1a02e5dc   0x000000ea   Code   RO        12732    i.rstpProcessBpdu   rstp_bpdu.o
    0x1a02e6c6   0x00000002   PAD
    0x1a02e6c8   0x0000007c   Code   RO        12733    i.rstpProcessLlcFrame  rstp_bpdu.o
    0x1a02e744   0x0000003e   Code   RO        13566    i.rstpPrsChangeState  rstp_prs.o
    0x1a02e782   0x00000054   Code   RO        13567    i.rstpPrsFsm        rstp_prs.o
    0x1a02e7d6   0x0000000e   Code   RO        13568    i.rstpPrsInit       rstp_prs.o
    0x1a02e7e4   0x00000086   Code   RO        13594    i.rstpPrtAlternatePortChangeState  rstp_prt.o
    0x1a02e86a   0x000000e0   Code   RO        13595    i.rstpPrtAlternatePortFsm  rstp_prt.o
    0x1a02e94a   0x000000a0   Code   RO        13596    i.rstpPrtDesignatedPortChangeState  rstp_prt.o
    0x1a02e9ea   0x0000013c   Code   RO        13597    i.rstpPrtDesignatedPortFsm  rstp_prt.o
    0x1a02eb26   0x0000008e   Code   RO        13598    i.rstpPrtDisabledPortChangeState  rstp_prt.o
    0x1a02ebb4   0x00000080   Code   RO        13599    i.rstpPrtDisabledPortFsm  rstp_prt.o
    0x1a02ec34   0x00000096   Code   RO        13600    i.rstpPrtFsm        rstp_prt.o
    0x1a02ecca   0x0000000e   Code   RO        13601    i.rstpPrtInit       rstp_prt.o
    0x1a02ecd8   0x0000008c   Code   RO        13602    i.rstpPrtRootPortChangeState  rstp_prt.o
    0x1a02ed64   0x00000100   Code   RO        13603    i.rstpPrtRootPortFsm  rstp_prt.o
    0x1a02ee64   0x00000060   Code   RO        13664    i.rstpPrxChangeState  rstp_prx.o
    0x1a02eec4   0x00000070   Code   RO        13665    i.rstpPrxFsm        rstp_prx.o
    0x1a02ef34   0x0000000e   Code   RO        13666    i.rstpPrxInit       rstp_prx.o
    0x1a02ef42   0x0000005e   Code   RO        13692    i.rstpPstChangeState  rstp_pst.o
    0x1a02efa0   0x00000060   Code   RO        13693    i.rstpPstFsm        rstp_pst.o
    0x1a02f000   0x0000000e   Code   RO        13694    i.rstpPstInit       rstp_pst.o
    0x1a02f00e   0x00000076   Code   RO        13720    i.rstpPtiChangeState  rstp_pti.o
    0x1a02f084   0x00000036   Code   RO        13721    i.rstpPtiFsm        rstp_pti.o
    0x1a02f0ba   0x0000000e   Code   RO        13722    i.rstpPtiInit       rstp_pti.o
    0x1a02f0c8   0x000000c0   Code   RO        13748    i.rstpPtxChangeState  rstp_ptx.o
    0x1a02f188   0x000000a8   Code   RO        13749    i.rstpPtxFsm        rstp_ptx.o
    0x1a02f230   0x0000000e   Code   RO        13750    i.rstpPtxInit       rstp_ptx.o
    0x1a02f23e   0x00000172   Code   RO        13413    i.rstpRcvInfo       rstp_procedures.o
    0x1a02f3b0   0x0000003c   Code   RO        12791    i.rstpReRooted      rstp_conditions.o
    0x1a02f3ec   0x00000030   Code   RO        13414    i.rstpRecordAgreement  rstp_procedures.o
    0x1a02f41c   0x0000001a   Code   RO        13415    i.rstpRecordDispute  rstp_procedures.o
    0x1a02f436   0x00000014   Code   RO        13416    i.rstpRecordPriority  rstp_procedures.o
    0x1a02f44a   0x00000020   Code   RO        13417    i.rstpRecordProposal  rstp_procedures.o
    0x1a02f46a   0x0000003a   Code   RO        13418    i.rstpRecordTimes   rstp_procedures.o
    0x1a02f4a4   0x00000050   Code   RO        13206    i.rstpRemoveFdbEntries  rstp_misc.o
    0x1a02f4f4   0x000000a4   Code   RO        12734    i.rstpSendBpdu      rstp_bpdu.o
    0x1a02f598   0x00000030   Code   RO        12372    i.rstpSetAdminPointToPointMac  rstp.o
    0x1a02f5c8   0x00000030   Code   RO        12374    i.rstpSetAdminPortState  rstp.o
    0x1a02f5f8   0x00000030   Code   RO        12376    i.rstpSetAutoEdgePort  rstp.o
    0x1a02f628   0x00000024   Code   RO        13419    i.rstpSetReRootTree  rstp_procedures.o
    0x1a02f64c   0x0000004a   Code   RO        13420    i.rstpSetSelectedTree  rstp_procedures.o
    0x1a02f696   0x00000024   Code   RO        13421    i.rstpSetSyncTree   rstp_procedures.o
    0x1a02f6ba   0x0000003c   Code   RO        13422    i.rstpSetTcFlags    rstp_procedures.o
    0x1a02f6f6   0x0000003a   Code   RO        13423    i.rstpSetTcPropTree  rstp_procedures.o
    0x1a02f730   0x000000d0   Code   RO        12387    i.rstpStart         rstp.o
    0x1a02f800   0x000000ac   Code   RO        13776    i.rstpTcmChangeState  rstp_tcm.o
    0x1a02f8ac   0x00000142   Code   RO        13777    i.rstpTcmFsm        rstp_tcm.o
    0x1a02f9ee   0x0000000e   Code   RO        13778    i.rstpTcmInit       rstp_tcm.o
    0x1a02f9fc   0x0000016c   Code   RO        13207    i.rstpTick          rstp_misc.o
    0x1a02fb68   0x000000ee   Code   RO        13424    i.rstpTxConfig      rstp_procedures.o
    0x1a02fc56   0x00000006   Code   RO        12792    i.rstpTxHoldCount   rstp_conditions.o
    0x1a02fc5c   0x0000017e   Code   RO        13425    i.rstpTxRstp        rstp_procedures.o
    0x1a02fdda   0x00000024   Code   RO        13426    i.rstpTxTcn         rstp_procedures.o
    0x1a02fdfe   0x00000002   PAD
    0x1a02fe00   0x00000048   Code   RO        13208    i.rstpUnconfigurePermanentDatabase  rstp_misc.o
    0x1a02fe48   0x00000010   Code   RO        13209    i.rstpUnlock        rstp_misc.o
    0x1a02fe58   0x00000064   Code   RO        13210    i.rstpUpdateAgeingTime  rstp_misc.o
    0x1a02febc   0x0000002a   Code   RO        13211    i.rstpUpdateOperPointToPointMac  rstp_misc.o
    0x1a02fee6   0x00000002   PAD
    0x1a02fee8   0x00000038   Code   RO        13212    i.rstpUpdatePortPathCost  rstp_misc.o
    0x1a02ff20   0x00000030   Code   RO        13213    i.rstpUpdatePortState  rstp_misc.o
    0x1a02ff50   0x0000003c   Code   RO        13214    i.rstpUpdateTopologyChangeCount  rstp_misc.o
    0x1a02ff8c   0x00000026   Code   RO        13427    i.rstpUpdtBpduVersion  rstp_procedures.o
    0x1a02ffb2   0x00000026   Code   RO        13428    i.rstpUpdtRcvdInfoWhile  rstp_procedures.o
    0x1a02ffd8   0x00000024   Code   RO        13429    i.rstpUpdtRoleDisabledTree  rstp_procedures.o
    0x1a02fffc   0x00000218   Code   RO        13430    i.rstpUpdtRolesTree  rstp_procedures.o
    0x1a030214   0x0000005c   Code   RO        12735    i.rstpValidateConfigBpdu  rstp_bpdu.o
    0x1a030270   0x00000010   Code   RO        12793    i.rstpVersion       rstp_conditions.o
    0x1a030280   0x0000001a   Code   RO        18415    i.rt_alloc_box      RTX_CM4.lib(rt_membox.o)
    0x1a03029a   0x00000002   PAD
    0x1a03029c   0x00000038   Code   RO        17773    i.rt_block          RTX_CM4.lib(rt_task.o)
    0x1a0302d4   0x00000002   Code   RO        14993    i.rt_chk_robin      rtx_conf_cm.o
    0x1a0302d6   0x00000002   PAD
    0x1a0302d8   0x00000074   Code   RO        18334    i.rt_dec_dly        RTX_CM4.lib(rt_list.o)
    0x1a03034c   0x00000044   Code   RO        17774    i.rt_dispatch       RTX_CM4.lib(rt_task.o)
    0x1a030390   0x00000006   Code   RO        17954    i.rt_dly_wait       RTX_CM4.lib(rt_time.o)
    0x1a030396   0x00000002   PAD
    0x1a030398   0x0000000c   Code   RO        17874    i.rt_evt_get        RTX_CM4.lib(rt_event.o)
    0x1a0303a4   0x0000004c   Code   RO        17875    i.rt_evt_psh        RTX_CM4.lib(rt_event.o)
    0x1a0303f0   0x00000060   Code   RO        17876    i.rt_evt_set        RTX_CM4.lib(rt_event.o)
    0x1a030450   0x0000003c   Code   RO        17877    i.rt_evt_wait       RTX_CM4.lib(rt_event.o)
    0x1a03048c   0x00000020   Code   RO        18416    i.rt_free_box       RTX_CM4.lib(rt_membox.o)
    0x1a0304ac   0x00000028   Code   RO        18335    i.rt_get_first      RTX_CM4.lib(rt_list.o)
    0x1a0304d4   0x0000004c   Code   RO        17775    i.rt_init_context   RTX_CM4.lib(rt_task.o)
    0x1a030520   0x00000002   Code   RO        14994    i.rt_init_robin     rtx_conf_cm.o
    0x1a030522   0x00000002   PAD
    0x1a030524   0x00000050   Code   RO        18015    i.rt_init_stack     RTX_CM4.lib(hal_cm4.o)
    0x1a030574   0x000000c0   Code   RO        18470    i.rt_mbx_psh        RTX_CM4.lib(rt_mailbox.o)
    0x1a030634   0x00000010   Code   RO        17987    i.rt_mut_init       RTX_CM4.lib(rt_mutex.o)
    0x1a030644   0x000000e4   Code   RO        17988    i.rt_mut_release    RTX_CM4.lib(rt_mutex.o)
    0x1a030728   0x00000068   Code   RO        17989    i.rt_mut_wait       RTX_CM4.lib(rt_mutex.o)
    0x1a030790   0x0000007c   Code   RO        18252    i.rt_pop_req        RTX_CM4.lib(rt_system.o)
    0x1a03080c   0x00000020   Code   RO        18253    i.rt_psh_req        RTX_CM4.lib(rt_system.o)
    0x1a03082c   0x00000058   Code   RO        18337    i.rt_psq_enq        RTX_CM4.lib(rt_list.o)
    0x1a030884   0x00000048   Code   RO        18338    i.rt_put_dly        RTX_CM4.lib(rt_list.o)
    0x1a0308cc   0x00000036   Code   RO        18339    i.rt_put_prio       RTX_CM4.lib(rt_list.o)
    0x1a030902   0x00000002   PAD
    0x1a030904   0x00000014   Code   RO        18340    i.rt_put_rdy_first  RTX_CM4.lib(rt_list.o)
    0x1a030918   0x00000034   Code   RO        18341    i.rt_resort_prio    RTX_CM4.lib(rt_list.o)
    0x1a03094c   0x00000028   Code   RO        18342    i.rt_rmv_dly        RTX_CM4.lib(rt_list.o)
    0x1a030974   0x00000030   Code   RO        18343    i.rt_rmv_list       RTX_CM4.lib(rt_list.o)
    0x1a0309a4   0x0000000c   Code   RO        17919    i.rt_sem_init       RTX_CM4.lib(rt_semaphore.o)
    0x1a0309b0   0x00000034   Code   RO        17920    i.rt_sem_psh        RTX_CM4.lib(rt_semaphore.o)
    0x1a0309e4   0x00000038   Code   RO        17921    i.rt_sem_send       RTX_CM4.lib(rt_semaphore.o)
    0x1a030a1c   0x00000040   Code   RO        17922    i.rt_sem_wait       RTX_CM4.lib(rt_semaphore.o)
    0x1a030a5c   0x00000024   Code   RO        18255    i.rt_stk_check      RTX_CM4.lib(rt_system.o)
    0x1a030a80   0x00000028   Code   RO        17776    i.rt_switch_req     RTX_CM4.lib(rt_task.o)
    0x1a030aa8   0x00000158   Code   RO        17777    i.rt_sys_init       RTX_CM4.lib(rt_task.o)
    0x1a030c00   0x00000040   Code   RO        18257    i.rt_systick        RTX_CM4.lib(rt_system.o)
    0x1a030c40   0x0000000c   Code   RO        17957    i.rt_time_get       RTX_CM4.lib(rt_time.o)
    0x1a030c4c   0x00000040   Code   RO        18516    i.rt_tmr_tick       RTX_CM4.lib(rt_timer.o)
    0x1a030c8c   0x00000094   Code   RO        17778    i.rt_tsk_create     RTX_CM4.lib(rt_task.o)
    0x1a030d20   0x0000016c   Code   RO        17779    i.rt_tsk_delete     RTX_CM4.lib(rt_task.o)
    0x1a030e8c   0x00000010   Code   RO        17782    i.rt_tsk_self       RTX_CM4.lib(rt_task.o)
    0x1a030e9c   0x00000084   Code   RO        15114    i.safe_fmod         ade9000.o
    0x1a030f20   0x00000068   Code   RO        15694    i.saveSettings      meter.o
    0x1a030f88   0x000000a0   Code   RO        15115    i.scaleAngle        ade9000.o
    0x1a031028   0x0000008c   Code   RO        15116    i.scaleEnergy       ade9000.o
    0x1a0310b4   0x000000ac   Code   RO        15117    i.scaleIgrms        ade9000.o
    0x1a031160   0x0000002c   Code   RO        15118    i.scaleIgrms1       ade9000.o
    0x1a03118c   0x00000028   Code   RO        15119    i.scaleIrms         ade9000.o
    0x1a0311b4   0x00000038   Code   RO        15122    i.scalePowerAcc     ade9000.o
    0x1a0311ec   0x00000028   Code   RO        15123    i.scaleVrms         ade9000.o
    0x1a031214   0x000002b4   Code   RO        18122    i.search_for_name   FS_CM3.lib(fs_fat.o)
    0x1a0314c8   0x0000003c   Code   RO        16438    i.secDnsIpGet       app_main.o
    0x1a031504   0x00000034   Code   RO          681    i.selWire           debug.o
    0x1a031538   0x0000002c   Code   RO        16795    i.setAlarmChannel   alarm.o
    0x1a031564   0x0000001c   Code   RO         9405    i.setClkDiv         eeprom_18xx_43xx.o
    0x1a031580   0x0000011c   Code   RO        15124    i.setDcOffset       ade9000.o
    0x1a03169c   0x000001d8   Code   RO        15125    i.setGainI          ade9000.o
    0x1a031874   0x000000f4   Code   RO        15126    i.setGainIn         ade9000.o
    0x1a031968   0x00000318   Code   RO        15128    i.setGainPh         ade9000.o
    0x1a031c80   0x000000b4   Code   RO        15129    i.setGainU          ade9000.o
    0x1a031d34   0x00000134   Code   RO        15130    i.setGainUpp        ade9000.o
    0x1a031e68   0x00000168   Code   RO        15131    i.setGainW          ade9000.o
    0x1a031fd0   0x000001d8   Code   RO        15697    i.setMeterInfo      meter.o
    0x1a0321a8   0x0000002c   Code   RO        15698    i.setMeterIpAddr    meter.o
    0x1a0321d4   0x00000014   Code   RO        17548    i.setProxyServerTid  proxy.o
    0x1a0321e8   0x00000094   Code   RO        18123    i.set_next_clus     FS_CM3.lib(fs_fat.o)
    0x1a03227c   0x0000000e   Code   RO        18124    i.set_root_clus     FS_CM3.lib(fs_fat.o)
    0x1a03228a   0x00000008   Code   RO        18125    i.set_u16           FS_CM3.lib(fs_fat.o)
    0x1a032292   0x00000010   Code   RO        18126    i.set_u32           FS_CM3.lib(fs_fat.o)
    0x1a0322a2   0x00000010   Code   RO        18457    i.set_u32           FS_CM3.lib(fs_journal.o)
    0x1a0322b2   0x00000002   PAD
    0x1a0322b4   0x00000114   Code   RO         1104    i.shell             fs.o
    0x1a0323c8   0x00000052   Code   RO        18127    i.short_ent_hash    FS_CM3.lib(fs_fat.o)
    0x1a03241a   0x00000004   Code   RO          827    i.smiInit           smi_driver.o
    0x1a03241e   0x00000016   Code   RO          828    i.smiReadPhyReg     smi_driver.o
    0x1a032434   0x00000016   Code   RO          829    i.smiWritePhyReg    smi_driver.o
    0x1a03244a   0x0000007c   Code   RO         7935    i.snmpAgentCreateCommunity  snmp_agent.o
    0x1a0324c6   0x00000022   Code   RO         7938    i.snmpAgentDeinit   snmp_agent.o
    0x1a0324e8   0x00000030   Code   RO         7943    i.snmpAgentGetDefaultSettings  snmp_agent.o
    0x1a032518   0x000000b0   Code   RO         7945    i.snmpAgentInit     snmp_agent.o
    0x1a0325c8   0x0000008a   Code   RO         7948    i.snmpAgentLoadMib  snmp_agent.o
    0x1a032652   0x00000002   PAD
    0x1a032654   0x000000e0   Code   RO         7956    i.snmpAgentStart    snmp_agent.o
    0x1a032734   0x000001e0   Code   RO         7958    i.snmpAgentTask     snmp_agent.o
    0x1a032914   0x0000005c   Code   RO         8186    i.snmpComputeMessageOverhead  snmp_agent_message.o
    0x1a032970   0x00000030   Code   RO         8322    i.snmpCopyVarBindingList  snmp_agent_misc.o
    0x1a0329a0   0x0000006a   Code   RO         8323    i.snmpCreateCommunityEntry  snmp_agent_misc.o
    0x1a032a0a   0x00000042   Code   RO         8187    i.snmpDecodeInt32   snmp_agent_message.o
    0x1a032a4c   0x00000040   Code   RO         8188    i.snmpDecodeUnsignedInt32  snmp_agent_message.o
    0x1a032a8c   0x00000050   Code   RO         8189    i.snmpDecodeUnsignedInt64  snmp_agent_message.o
    0x1a032adc   0x0000006a   Code   RO         8190    i.snmpEncodeInt32   snmp_agent_message.o
    0x1a032b46   0x0000005e   Code   RO         8191    i.snmpEncodeUnsignedInt32  snmp_agent_message.o
    0x1a032ba4   0x00000064   Code   RO         8192    i.snmpEncodeUnsignedInt64  snmp_agent_message.o
    0x1a032c08   0x0000007a   Code   RO         8324    i.snmpFindCommunityEntry  snmp_agent_misc.o
    0x1a032c82   0x00000198   Code   RO         8387    i.snmpFindMibObject  snmp_agent_object.o
    0x1a032e1a   0x00000242   Code   RO         8388    i.snmpGetNextObject  snmp_agent_object.o
    0x1a03305c   0x00000220   Code   RO         8389    i.snmpGetObjectValue  snmp_agent_object.o
    0x1a03327c   0x0000005a   Code   RO         8193    i.snmpInitMessage   snmp_agent_message.o
    0x1a0332d6   0x00000038   Code   RO         8194    i.snmpInitResponse  snmp_agent_message.o
    0x1a03330e   0x00000002   PAD
    0x1a033310   0x00000044   Code   RO         8325    i.snmpLockMib       snmp_agent_misc.o
    0x1a033354   0x0000008c   Code   RO         8497    i.snmpMibGetNextSysOREntry  snmp_mib_impl.o
    0x1a0333e0   0x00000018   Code   RO         8498    i.snmpMibGetSnmpSetSerialNo  snmp_mib_impl.o
    0x1a0333f8   0x00000104   Code   RO         8499    i.snmpMibGetSysOREntry  snmp_mib_impl.o
    0x1a0334fc   0x00000020   Code   RO         8500    i.snmpMibGetSysUpTime  snmp_mib_impl.o
    0x1a03351c   0x000000e4   Code   RO         8501    i.snmpMibInit       snmp_mib_impl.o
    0x1a033600   0x00000010   Code   RO         8502    i.snmpMibLoad       snmp_mib_impl.o
    0x1a033610   0x00000002   Code   RO         8503    i.snmpMibLock       snmp_mib_impl.o
    0x1a033612   0x00000002   PAD
    0x1a033614   0x00000024   Code   RO         8504    i.snmpMibSetSnmpSetSerialNo  snmp_mib_impl.o
    0x1a033638   0x0000000c   Code   RO         8505    i.snmpMibUnload     snmp_mib_impl.o
    0x1a033644   0x00000002   Code   RO         8506    i.snmpMibUnlock     snmp_mib_impl.o
    0x1a033646   0x00000064   Code   RO         8195    i.snmpParseCommunity  snmp_agent_message.o
    0x1a0336aa   0x00000074   Code   RO         8197    i.snmpParseMessageHeader  snmp_agent_message.o
    0x1a03371e   0x00000124   Code   RO         8198    i.snmpParsePduHeader  snmp_agent_message.o
    0x1a033842   0x000000a6   Code   RO         8326    i.snmpParseVarBinding  snmp_agent_misc.o
    0x1a0338e8   0x000001d8   Code   RO         8418    i.snmpProcessGetBulkRequestPdu  snmp_agent_pdu.o
    0x1a033ac0   0x000001ec   Code   RO         8419    i.snmpProcessGetRequestPdu  snmp_agent_pdu.o
    0x1a033cac   0x000000e0   Code   RO         8146    i.snmpProcessMessage  snmp_agent_dispatch.o
    0x1a033d8c   0x00000084   Code   RO         8420    i.snmpProcessPdu    snmp_agent_pdu.o
    0x1a033e10   0x00000128   Code   RO         8421    i.snmpProcessSetRequestPdu  snmp_agent_pdu.o
    0x1a033f38   0x00000194   Code   RO         8390    i.snmpSetObjectValue  snmp_agent_object.o
    0x1a0340cc   0x000001c0   Code   RO         8327    i.snmpTranslateStatusCode  snmp_agent_misc.o
    0x1a03428c   0x00000044   Code   RO         8328    i.snmpUnlockMib     snmp_agent_misc.o
    0x1a0342d0   0x0000005c   Code   RO         8201    i.snmpWriteCommunity  snmp_agent_message.o
    0x1a03432c   0x00000006   Code   RO         8202    i.snmpWriteGlobalData  snmp_agent_message.o
    0x1a034332   0x000000de   Code   RO         8203    i.snmpWriteMessageHeader  snmp_agent_message.o
    0x1a034410   0x00000212   Code   RO         8204    i.snmpWritePduHeader  snmp_agent_message.o
    0x1a034622   0x00000006   Code   RO         8206    i.snmpWriteSecurityParameters  snmp_agent_message.o
    0x1a034628   0x0000013a   Code   RO         8330    i.snmpWriteVarBinding  snmp_agent_misc.o
    0x1a034762   0x00000002   PAD
    0x1a034764   0x0000009c   Code   RO         8147    i.snmpv1ProcessMessage  snmp_agent_dispatch.o
    0x1a034800   0x00000044   Code   RO         8507    i.snmpv2MibGetSnmpTrapEnterprise  snmp_mib_impl.o
    0x1a034844   0x0000000c   Code   RO         8508    i.snmpv2MibGetSnmpTrapOID  snmp_mib_impl.o
    0x1a034850   0x0000009c   Code   RO         8148    i.snmpv2cProcessMessage  snmp_agent_dispatch.o
    0x1a0348ec   0x000000b0   Code   RO         7103    i.sntpClientCheckResponse  sntp_client_misc.o
    0x1a03499c   0x00000048   Code   RO         7104    i.sntpClientCheckTimeout  sntp_client_misc.o
    0x1a0349e4   0x00000014   Code   RO         7105    i.sntpClientCloseConnection  sntp_client_misc.o
    0x1a0349f8   0x00000016   Code   RO         7050    i.sntpClientDeinit  sntp_client.o
    0x1a034a0e   0x0000000c   Code   RO         7051    i.sntpClientGetKissCode  sntp_client.o
    0x1a034a1a   0x00000080   Code   RO         7052    i.sntpClientGetTimestamp  sntp_client.o
    0x1a034a9a   0x00000020   Code   RO         7053    i.sntpClientInit    sntp_client.o
    0x1a034aba   0x00000024   Code   RO         7106    i.sntpClientOpenConnection  sntp_client_misc.o
    0x1a034ade   0x0000003e   Code   RO         7107    i.sntpClientParseResponse  sntp_client_misc.o
    0x1a034b1c   0x000000b8   Code   RO         7108    i.sntpClientReceiveResponse  sntp_client_misc.o
    0x1a034bd4   0x000000a4   Code   RO         7109    i.sntpClientSendRequest  sntp_client_misc.o
    0x1a034c78   0x00000028   Code   RO         7054    i.sntpClientSetServerAddr  sntp_client.o
    0x1a034ca0   0x0000000e   Code   RO         7055    i.sntpClientSetTimeout  sntp_client.o
    0x1a034cae   0x00000002   PAD
    0x1a034cb0   0x000000c0   Code   RO          148    i.sntpGetTime       main.o
    0x1a034d70   0x000000d8   Code   RO          149    i.sntpTask          main.o
    0x1a034e48   0x0000002c   Code   RO         5161    i.socketAccept      socket.o
    0x1a034e74   0x000000c0   Code   RO         5436    i.socketAllocate    socket_misc.o
    0x1a034f34   0x00000030   Code   RO         5163    i.socketBind        socket.o
    0x1a034f64   0x0000009c   Code   RO         5165    i.socketClose       socket.o
    0x1a035000   0x00000064   Code   RO         5166    i.socketConnect     socket.o
    0x1a035064   0x00000032   Code   RO         5437    i.socketCreateMulticastGroupEntry  socket_misc.o
    0x1a035096   0x00000002   PAD
    0x1a035098   0x00000040   Code   RO         5169    i.socketEnableKeepAlive  socket.o
    0x1a0350d8   0x00000036   Code   RO         5439    i.socketFindMulticastGroupEntry  socket_misc.o
    0x1a03510e   0x00000002   PAD
    0x1a035110   0x00000020   Code   RO         5441    i.socketGetEvents   socket_misc.o
    0x1a035130   0x0000000a   Code   RO         5170    i.socketGetInterface  socket.o
    0x1a03513a   0x0000001e   Code   RO         5171    i.socketGetLocalAddr  socket.o
    0x1a035158   0x0000001e   Code   RO         5173    i.socketGetRemoteAddr  socket.o
    0x1a035176   0x00000002   PAD
    0x1a035178   0x0000005c   Code   RO         5174    i.socketInit        socket.o
    0x1a0351d4   0x00000068   Code   RO         5175    i.socketJoinMulticastGroup  socket.o
    0x1a03523c   0x00000034   Code   RO         5177    i.socketListen      socket.o
    0x1a035270   0x00000034   Code   RO         5442    i.socketMulticastFilter  socket_misc.o
    0x1a0352a4   0x00000024   Code   RO         5178    i.socketOpen        socket.o
    0x1a0352c8   0x00000118   Code   RO         5179    i.socketPoll        socket.o
    0x1a0353e0   0x00000026   Code   RO         5180    i.socketReceive     socket.o
    0x1a035406   0x00000002   PAD
    0x1a035408   0x000000cc   Code   RO         5181    i.socketReceiveEx   socket.o
    0x1a0354d4   0x0000002a   Code   RO         5182    i.socketReceiveFrom  socket.o
    0x1a0354fe   0x00000002   PAD
    0x1a035500   0x00000040   Code   RO         5183    i.socketReceiveMsg  socket.o
    0x1a035540   0x00000044   Code   RO         5443    i.socketRegisterEvents  socket_misc.o
    0x1a035584   0x00000026   Code   RO         5184    i.socketSend        socket.o
    0x1a0355aa   0x00000002   PAD
    0x1a0355ac   0x0000003c   Code   RO         5185    i.socketSendMsg     socket.o
    0x1a0355e8   0x00000098   Code   RO         5186    i.socketSendTo      socket.o
    0x1a035680   0x0000000e   Code   RO         5188    i.socketSetInterface  socket.o
    0x1a03568e   0x00000002   PAD
    0x1a035690   0x0000003c   Code   RO         5189    i.socketSetKeepAliveParams  socket.o
    0x1a0356cc   0x00000038   Code   RO         5193    i.socketSetRxBufferSize  socket.o
    0x1a035704   0x00000024   Code   RO         5194    i.socketSetTimeout  socket.o
    0x1a035728   0x00000038   Code   RO         5196    i.socketSetTxBufferSize  socket.o
    0x1a035760   0x00000044   Code   RO         5201    i.socketShutdown    socket.o
    0x1a0357a4   0x0000001c   Code   RO         5445    i.socketUnregisterEvents  socket_misc.o
    0x1a0357c0   0x0000006e   Code   RO        18932    i.sqrt              m_wm.l(sqrt.o)
    0x1a03582e   0x0000000a   Code   RO         9922    i.startSlaverXfer   i2c_18xx_43xx.o
    0x1a035838   0x000002ec   Code   RO        16796    i.storeAlarmLog     alarm.o
    0x1a035b24   0x00000058   Code   RO        16797    i.storeAlarmStatus  alarm.o
    0x1a035b7c   0x0000006c   Code   RO        15699    i.storeDemand       meter.o
    0x1a035be8   0x000000b0   Code   RO        15701    i.storeEnergy       meter.o
    0x1a035c98   0x0000007c   Code   RO        15703    i.storeEnergyLogFs  meter.o
    0x1a035d14   0x0000005c   Code   RO        15705    i.storeEnergyNVR    meter.o
    0x1a035d70   0x00000058   Code   RO        15706    i.storeHwSettings   meter.o
    0x1a035dc8   0x00000060   Code   RO        15707    i.storeMaxMin       meter.o
    0x1a035e28   0x00000014   Code   RO        12794    i.stpVersion        rstp_conditions.o
    0x1a035e3c   0x0000002e   Code   RO         1708    i.strRemoveTrailingSpace  str.o
    0x1a035e6a   0x00000014   Code   RO         1709    i.strReplaceChar    str.o
    0x1a035e7e   0x0000003e   Code   RO         1710    i.strSafeCopy       str.o
    0x1a035ebc   0x0000003c   Code   RO        16440    i.subnetMaskGet     app_main.o
    0x1a035ef8   0x0000002c   Code   RO        15134    i.summation         ade9000.o
    0x1a035f24   0x0000000c   Code   RO         1598    i.swapInt16         cpu_endian.o
    0x1a035f30   0x0000001a   Code   RO         1599    i.swapInt32         cpu_endian.o
    0x1a035f4a   0x000000a4   Code   RO         1600    i.swapInt64         cpu_endian.o
    0x1a035fee   0x00000038   Code   RO        18128    i.switch_fat        FS_CM3.lib(fs_fat.o)
    0x1a036026   0x00000002   PAD
    0x1a036028   0x0000016c   Code   RO        16441    i.taskMonitor       app_main.o
    0x1a036194   0x0000005e   Code   RO         4633    i.tcpAbort          tcp.o
    0x1a0361f2   0x00000002   PAD
    0x1a0361f4   0x00000204   Code   RO         4634    i.tcpAccept         tcp.o
    0x1a0363f8   0x0000009e   Code   RO         4807    i.tcpAddOption      tcp_misc.o
    0x1a036496   0x0000002e   Code   RO         4808    i.tcpChangeState    tcp_misc.o
    0x1a0364c4   0x000001e4   Code   RO         4809    i.tcpCheckAck       tcp_misc.o
    0x1a0366a8   0x00000020   Code   RO         5011    i.tcpCheckFinWait2Timer  tcp_timer.o
    0x1a0366c8   0x000000ac   Code   RO         5012    i.tcpCheckKeepAliveTimer  tcp_timer.o
    0x1a036774   0x000000dc   Code   RO         5013    i.tcpCheckOverrideTimer  tcp_timer.o
    0x1a036850   0x00000086   Code   RO         5014    i.tcpCheckPersistTimer  tcp_timer.o
    0x1a0368d6   0x000000d4   Code   RO         5015    i.tcpCheckRetransmitTimer  tcp_timer.o
    0x1a0369aa   0x000000cc   Code   RO         4810    i.tcpCheckSeqNum    tcp_misc.o
    0x1a036a76   0x00000040   Code   RO         4811    i.tcpCheckSyn       tcp_misc.o
    0x1a036ab6   0x0000002e   Code   RO         5016    i.tcpCheckTimeWaitTimer  tcp_timer.o
    0x1a036ae4   0x000000ce   Code   RO         4812    i.tcpComputeRto     tcp_misc.o
    0x1a036bb2   0x000001a0   Code   RO         4635    i.tcpConnect        tcp.o
    0x1a036d52   0x00000026   Code   RO         4813    i.tcpDeleteControlBlock  tcp_misc.o
    0x1a036d78   0x00000002   Code   RO         4814    i.tcpDumpHeader     tcp_misc.o
    0x1a036d7a   0x00000028   Code   RO         4815    i.tcpFastLossRecovery  tcp_misc.o
    0x1a036da2   0x0000005c   Code   RO         4816    i.tcpFastRecovery   tcp_misc.o
    0x1a036dfe   0x00000052   Code   RO         4817    i.tcpFastRetransmit  tcp_misc.o
    0x1a036e50   0x0000002a   Code   RO         4818    i.tcpFlushRetransmitQueue  tcp_misc.o
    0x1a036e7a   0x00000022   Code   RO         4819    i.tcpFlushSynQueue  tcp_misc.o
    0x1a036e9c   0x00000014   Code   RO         4820    i.tcpGenerateInitialSeqNum  tcp_misc.o
    0x1a036eb0   0x00000040   Code   RO         4636    i.tcpGetDynamicPort  tcp.o
    0x1a036ef0   0x00000064   Code   RO         4821    i.tcpGetOption      tcp_misc.o
    0x1a036f54   0x0000001c   Code   RO         4637    i.tcpGetState       tcp.o
    0x1a036f70   0x0000000c   Code   RO         4638    i.tcpInit           tcp.o
    0x1a036f7c   0x0000002c   Code   RO         4822    i.tcpIsDuplicateAck  tcp_misc.o
    0x1a036fa8   0x00000042   Code   RO         4823    i.tcpIsDuplicateSyn  tcp_misc.o
    0x1a036fea   0x00000002   PAD
    0x1a036fec   0x00000068   Code   RO         4639    i.tcpKillOldestConnection  tcp.o
    0x1a037054   0x0000003c   Code   RO         4640    i.tcpListen         tcp.o
    0x1a037090   0x0000018a   Code   RO         4824    i.tcpNagleAlgo      tcp_misc.o
    0x1a03721a   0x00000002   PAD
    0x1a03721c   0x00000268   Code   RO         4729    i.tcpProcessSegment  tcp_fsm.o
    0x1a037484   0x000000ce   Code   RO         4825    i.tcpProcessSegmentData  tcp_misc.o
    0x1a037552   0x0000006a   Code   RO         4826    i.tcpReadRxBuffer   tcp_misc.o
    0x1a0375bc   0x0000006e   Code   RO         4827    i.tcpReadTxBuffer   tcp_misc.o
    0x1a03762a   0x0000017e   Code   RO         4641    i.tcpReceive        tcp.o
    0x1a0377a8   0x00000124   Code   RO         4828    i.tcpRejectSegment  tcp_misc.o
    0x1a0378cc   0x0000011c   Code   RO         4829    i.tcpRetransmitSegment  tcp_misc.o
    0x1a0379e8   0x0000011e   Code   RO         4642    i.tcpSend           tcp.o
    0x1a037b06   0x00000050   Code   RO         4830    i.tcpSendResetSegment  tcp_misc.o
    0x1a037b56   0x00000002   PAD
    0x1a037b58   0x0000022c   Code   RO         4831    i.tcpSendSegment    tcp_misc.o
    0x1a037d84   0x0000012e   Code   RO         4644    i.tcpShutdown       tcp.o
    0x1a037eb2   0x00000060   Code   RO         4730    i.tcpStateCloseWait  tcp_fsm.o
    0x1a037f12   0x00000024   Code   RO         4731    i.tcpStateClosed    tcp_fsm.o
    0x1a037f36   0x0000006a   Code   RO         4732    i.tcpStateClosing   tcp_fsm.o
    0x1a037fa0   0x000000b6   Code   RO         4733    i.tcpStateEstablished  tcp_fsm.o
    0x1a038056   0x000000e0   Code   RO         4734    i.tcpStateFinWait1  tcp_fsm.o
    0x1a038136   0x000000b2   Code   RO         4735    i.tcpStateFinWait2  tcp_fsm.o
    0x1a0381e8   0x00000054   Code   RO         4736    i.tcpStateLastAck   tcp_fsm.o
    0x1a03823c   0x00000144   Code   RO         4737    i.tcpStateListen    tcp_fsm.o
    0x1a038380   0x000000f4   Code   RO         4738    i.tcpStateSynReceived  tcp_fsm.o
    0x1a038474   0x00000144   Code   RO         4739    i.tcpStateSynSent   tcp_fsm.o
    0x1a0385b8   0x00000064   Code   RO         4740    i.tcpStateTimeWait  tcp_fsm.o
    0x1a03861c   0x0000004c   Code   RO         5017    i.tcpTick           tcp_timer.o
    0x1a038668   0x000001a0   Code   RO         4832    i.tcpUpdateEvents   tcp_misc.o
    0x1a038808   0x00000092   Code   RO         4833    i.tcpUpdateReceiveWindow  tcp_misc.o
    0x1a03889a   0x00000090   Code   RO         4834    i.tcpUpdateRetransmitQueue  tcp_misc.o
    0x1a03892a   0x000000da   Code   RO         4835    i.tcpUpdateSackBlocks  tcp_misc.o
    0x1a038a04   0x000000b0   Code   RO         4836    i.tcpUpdateSendWindow  tcp_misc.o
    0x1a038ab4   0x00000040   Code   RO         4837    i.tcpWaitForEvents  tcp_misc.o
    0x1a038af4   0x00000074   Code   RO         4838    i.tcpWriteRxBuffer  tcp_misc.o
    0x1a038b68   0x00000068   Code   RO         4839    i.tcpWriteTxBuffer  tcp_misc.o
    0x1a038bd0   0x00000014   Code   RO         1105    i.tdebug_off        fs.o
    0x1a038be4   0x0000000c   Code   RO         1106    i.tdebug_on         fs.o
    0x1a038bf0   0x000000d0   Code   RO        16442    i.tickHandler       app_main.o
    0x1a038cc0   0x000000a4   Code   RO        16443    i.tickSet           app_main.o
    0x1a038d64   0x00000010   Code   RO        17317    i.timeStampChanged  quality.o
    0x1a038d74   0x00000080   Code   RO        11745    i.tm_to_ExtRTC      board.o
    0x1a038df4   0x00000030   Code   RO          830    i.turnaround_MDIO   smi_driver.o
    0x1a038e24   0x0000002c   Code   RO        17318    i.uLocalTime        quality.o
    0x1a038e50   0x00000022   Code   RO         5059    i.udpAllocBuffer    udp.o
    0x1a038e72   0x00000002   PAD
    0x1a038e74   0x00000038   Code   RO         5060    i.udpAttachRxCallback  udp.o
    0x1a038eac   0x00000034   Code   RO         5061    i.udpDetachRxCallback  udp.o
    0x1a038ee0   0x00000002   Code   RO         5062    i.udpDumpHeader     udp.o
    0x1a038ee2   0x00000002   PAD
    0x1a038ee4   0x00000040   Code   RO         5063    i.udpGetDynamicPort  udp.o
    0x1a038f24   0x0000001c   Code   RO         5064    i.udpInit           udp.o
    0x1a038f40   0x00000064   Code   RO         5065    i.udpInvokeRxCallback  udp.o
    0x1a038fa4   0x00000250   Code   RO         5066    i.udpProcessDatagram  udp.o
    0x1a0391f4   0x000000c4   Code   RO         5067    i.udpReceiveDatagram  udp.o
    0x1a0392b8   0x0000010a   Code   RO         5068    i.udpSendBuffer     udp.o
    0x1a0393c2   0x00000002   PAD
    0x1a0393c4   0x00000118   Code   RO         5069    i.udpSendDatagram   udp.o
    0x1a0394dc   0x00000052   Code   RO         5070    i.udpUpdateEvents   udp.o
    0x1a03952e   0x00000138   Code   RO        18129    i.unlink_clus_chain  FS_CM3.lib(fs_fat.o)
    0x1a039666   0x00000002   PAD
    0x1a039668   0x00000068   Code   RO        15708    i.updateDemandI     meter.o
    0x1a0396d0   0x00000268   Code   RO        15709    i.updateEh          meter.o
    0x1a039938   0x00000408   Code   RO        15711    i.updateMaxDemand   meter.o
    0x1a039d40   0x00000094   Code   RO        15712    i.updateMaxMin      meter.o
    0x1a039dd4   0x00000098   Code   RO        15713    i.updatePredictDemand  meter.o
    0x1a039e6c   0x000000fc   Code   RO        15714    i.updatePresentDemand  meter.o
    0x1a039f68   0x00000778   Code   RO        17319    i.updateQualData    quality.o
    0x1a03a6e0   0x00000144   Code   RO        17320    i.updateQualReport  quality.o
    0x1a03a824   0x0000025c   Code   RO        17321    i.updateQualWeek    quality.o
    0x1a03aa80   0x00000110   Code   RO        17322    i.updateQualWeekData  quality.o
    0x1a03ab90   0x00000060   Code   RO        18130    i.val_ch            FS_CM3.lib(fs_fat.o)
    0x1a03abf0   0x00000014   Code   RO        18131    i.val_char          FS_CM3.lib(fs_fat.o)
    0x1a03ac04   0x000001fc   Code   RO        17323    i.writeLogData      quality.o
    0x1a03ae00   0x00000134   Code   RO        17151    i.writeMemCb        modbus.o
    0x1a03af34   0x000000e8   Code   RO        17324    i.writeQual10mData  quality.o
    0x1a03b01c   0x000001c4   Code   RO        18132    i.write_br          FS_CM3.lib(fs_fat.o)
    0x1a03b1e0   0x000000ae   Code   RO        18133    i.write_cache       FS_CM3.lib(fs_fat.o)
    0x1a03b28e   0x00000002   PAD
    0x1a03b290   0x00000118   Code   RO        18134    i.write_dot_entries  FS_CM3.lib(fs_fat.o)
    0x1a03b3a8   0x000000e8   Code   RO        18135    i.write_fat_link    FS_CM3.lib(fs_fat.o)
    0x1a03b490   0x00000068   Code   RO        18136    i.write_fsinfo      FS_CM3.lib(fs_fat.o)
    0x1a03b4f8   0x0000007e   Code   RO        18137    i.write_label       FS_CM3.lib(fs_fat.o)
    0x1a03b576   0x0000004a   Code   RO        18138    i.write_last_entry  FS_CM3.lib(fs_fat.o)
    0x1a03b5c0   0x000000c0   Code   RO        18139    i.write_mbr         FS_CM3.lib(fs_fat.o)
    0x1a03b680   0x00000030   Code   RO        18140    i.write_sector      FS_CM3.lib(fs_fat.o)
    0x1a03b6b0   0x00000018   Code   RO           24    i.writechar         retarget.o
    0x1a03b6c8   0x0000002c   Code   RO        19034    locale$$code        c_w.l(lc_ctype_c.o)
    0x1a03b6f4   0x0000002c   Code   RO        19208    locale$$code        c_w.l(lc_numeric_c.o)
    0x1a03b720   0x00000018   Code   RO        18808    x$fpl$basic         fz_wm.l(basic.o)
    0x1a03b738   0x00000062   Code   RO        18810    x$fpl$d2f           fz_wm.l(d2f.o)
    0x1a03b79a   0x00000002   PAD
    0x1a03b79c   0x00000150   Code   RO        18812    x$fpl$dadd          fz_wm.l(daddsub_clz.o)
    0x1a03b8ec   0x00000018   Code   RO        19086    x$fpl$dcmpinf       fz_wm.l(dcmpi.o)
    0x1a03b904   0x000002b0   Code   RO        18819    x$fpl$ddiv          fz_wm.l(ddiv.o)
    0x1a03bbb4   0x00000078   Code   RO        18822    x$fpl$deqf          fz_wm.l(deqf.o)
    0x1a03bc2c   0x0000005e   Code   RO        18824    x$fpl$dfix          fz_wm.l(dfix.o)
    0x1a03bc8a   0x0000002e   Code   RO        18833    x$fpl$dflt          fz_wm.l(dflt_clz.o)
    0x1a03bcb8   0x00000026   Code   RO        18832    x$fpl$dfltu         fz_wm.l(dflt_clz.o)
    0x1a03bcde   0x00000002   PAD
    0x1a03bce0   0x00000078   Code   RO        18838    x$fpl$dleqf         fz_wm.l(dleqf.o)
    0x1a03bd58   0x00000154   Code   RO        18840    x$fpl$dmul          fz_wm.l(dmul.o)
    0x1a03beac   0x0000009c   Code   RO        19088    x$fpl$dnaninf       fz_wm.l(dnaninf.o)
    0x1a03bf48   0x00000150   Code   RO        19090    x$fpl$drem          fz_wm.l(drem_clz.o)
    0x1a03c098   0x0000000c   Code   RO        19092    x$fpl$dretinf       fz_wm.l(dretinf.o)
    0x1a03c0a4   0x0000006c   Code   RO        18842    x$fpl$drleqf        fz_wm.l(drleqf.o)
    0x1a03c110   0x00000016   Code   RO        18813    x$fpl$drsb          fz_wm.l(daddsub_clz.o)
    0x1a03c126   0x00000002   PAD
    0x1a03c128   0x00000198   Code   RO        19094    x$fpl$dsqrt         fz_wm.l(dsqrt_umaal.o)
    0x1a03c2c0   0x000001d4   Code   RO        18814    x$fpl$dsub          fz_wm.l(daddsub_clz.o)
    0x1a03c494   0x00000056   Code   RO        18844    x$fpl$f2d           fz_wm.l(f2d.o)
    0x1a03c4ea   0x0000008c   Code   RO        19096    x$fpl$fnaninf       fz_wm.l(fnaninf.o)
    0x1a03c576   0x0000000a   Code   RO        19246    x$fpl$fpinit        fz_wm.l(fpinit.o)
    0x1a03c580   0x0000000a   Code   RO        19098    x$fpl$fretinf       fz_wm.l(fretinf.o)
    0x1a03c58a   0x00000004   Code   RO        18846    x$fpl$printf1       fz_wm.l(printf1.o)
    0x1a03c58e   0x00000000   Code   RO        19100    x$fpl$usenofp       fz_wm.l(usenofp.o)
    0x1a03c58e   0x00000014   Data   RO           25    .constdata          retarget.o
    0x1a03c5a2   0x00000002   PAD
    0x1a03c5a4   0x00000098   Data   RO          684    .constdata          debug.o
    0x1a03c63c   0x0000000c   Data   RO          831    .constdata          smi_driver.o
    0x1a03c648   0x00000764   Data   RO         1108    .constdata          fs.o
    0x1a03cdac   0x0000000c   Data   RO         1774    .constdata          os_port_rtx.o
    0x1a03cdb8   0x0000003b   Data   RO         1955    .constdata          fs_port_rtx.o
    0x1a03cdf3   0x00000001   PAD
    0x1a03cdf4   0x0000003e   Data   RO         2256    .constdata          net_misc.o
    0x1a03ce32   0x00000002   PAD
    0x1a03ce34   0x00000040   Data   RO         2524    .constdata          lpc43xx_eth_driver.o
    0x1a03ce74   0x00000014   Data   RO         2883    .constdata          ethernet.o
    0x1a03ce88   0x00000040   Data   RO         3076    .constdata          ethernet_misc.o
    0x1a03cec8   0x00000010   Data   RO         4446    .constdata          ip.o
    0x1a03ced8   0x00000040   Data   RO         5204    .constdata          socket.o
    0x1a03cf18   0x00000030   Data   RO         5955    .constdata          dhcp_client_misc.o
    0x1a03cf48   0x0000005f   Data   RO         6450    .constdata          ksz8863_driver.o
    0x1a03cfa7   0x00000001   PAD
    0x1a03cfa8   0x0000008b   Data   RO         7434    .constdata          ftp_server_control.o
    0x1a03d033   0x00000001   PAD
    0x1a03d034   0x00000044   Data   RO         7471    .constdata          ftp_server_data.o
    0x1a03d078   0x00000038   Data   RO         7551    .constdata          ftp_server_misc.o
    0x1a03d0b0   0x0000055c   Data   RO         8576    .constdata          snmp_mib_module.o
    0x1a03d60c   0x0000006c   Data   RO         9171    .constdata          clock_18xx_43xx.o
    0x1a03d678   0x00000048   Data   RO        11234    .constdata          sysinit_18xx_43xx.o
    0x1a03d6c0   0x000000c4   Data   RO        11747    .constdata          board.o
    0x1a03d784   0x00000228   Data   RO        12280    .constdata          board_sysinit.o
    0x1a03d9ac   0x00000030   Data   RO        12736    .constdata          rstp_bpdu.o
    0x1a03d9dc   0x00000b38   Data   RO        14207    .constdata          bridge_mib_module.o
    0x1a03e514   0x00000214   Data   RO        14287    .constdata          rstp_mib_module.o
    0x1a03e728   0x00000030   Data   RO        14724    .constdata          file_config.o
    0x1a03e758   0x0000002c   Data   RO        14914    .constdata          sdio_lpc43xx.o
    0x1a03e784   0x00000028   Data   RO        14996    .constdata          rtx_conf_cm.o
    0x1a03e7ac   0x0000008a   Data   RO        16800    .constdata          alarm.o
    0x1a03e836   0x00000200   Data   RO        17470    .constdata          crc.o
    0x1a03ea36   0x00000010   Data   RO        17759    .constdata          FS_CM3.lib(fs_mci.o)
    0x1a03ea46   0x00000002   PAD
    0x1a03ea48   0x000004ac   Data   RO        18141    .constdata          FS_CM3.lib(fs_fat.o)
    0x1a03eef4   0x00000004   Data   RO        18260    .constdata          RTX_CM4.lib(rt_system.o)
    0x1a03eef8   0x00000028   Data   RO        18678    .constdata          c_w.l(_printf_hex_int_ptr.o)
    0x1a03ef20   0x00000011   Data   RO        18704    .constdata          c_w.l(__printf_flags_ss_wp.o)
    0x1a03ef31   0x00000007   PAD
    0x1a03ef38   0x00000050   Data   RO        18851    .constdata          m_wm.l(acos.o)
    0x1a03ef88   0x00000098   Data   RO        18865    .constdata          m_wm.l(atan.o)
    0x1a03f020   0x0000000c   Data   RO        19038    .constdata          c_w.l(_monlen.o)
    0x1a03f02c   0x00000004   PAD
    0x1a03f030   0x00000030   Data   RO        19102    .constdata          m_wm.l(cos_i.o)
    0x1a03f060   0x00000008   Data   RO        19110    .constdata          m_wm.l(qnan.o)
    0x1a03f068   0x000000c8   Data   RO        19113    .constdata          m_wm.l(rred.o)
    0x1a03f130   0x00000028   Data   RO        19117    .constdata          m_wm.l(sin_i.o)
    0x1a03f158   0x00000094   Data   RO        19161    .constdata          c_w.l(bigflt0.o)
    0x1a03f1ec   0x0000005c   Data   RO         5956    .conststring        dhcp_client_misc.o
    0x1a03f248   0x00000147   Data   RO         8577    .conststring        snmp_mib_module.o
    0x1a03f38f   0x00000014   Data   RO        12737    .conststring        rstp_bpdu.o
    0x1a03f3a3   0x000003fa   Data   RO        14208    .conststring        bridge_mib_module.o
    0x1a03f79d   0x000000d3   Data   RO        14288    .conststring        rstp_mib_module.o
    0x1a03f870   0x00000000   Data   RO        19331    Region$$Table       anon$$obj.o
    0x1a03f870   0x00000110   Data   RO        19033    locale$$data        c_w.l(lc_ctype_c.o)
    0x1a03f980   0x0000001c   Data   RO        19207    locale$$data        c_w.l(lc_numeric_c.o)


    Execution Region RW_IRAM1 (Base: 0x20000000, Size: 0x0000a210, Max: 0x00010000, ABSOLUTE)

    Base Addr    Size         Type   Attr      Idx    E Section Name        Object

    0x20000000   0x00000019   Data   RW         1109    .data               fs.o
    0x20000019   0x00000003   PAD
    0x2000001c   0x0000000c   Data   RW         2525    .data               lpc43xx_eth_driver.o
    0x20000028   0x00000004   Data   RW         2702    .data               nic.o
    0x2000002c   0x00000004   Data   RW         3545    .data               ipv4_frag.o
    0x20000030   0x00000001   Data   RW         4447    .data               ip.o
    0x20000031   0x00000003   PAD
    0x20000034   0x00000006   Data   RW         4645    .data               tcp.o
    0x2000003a   0x00000002   Data   RW         5072    .data               udp.o
    0x2000003c   0x00000004   Data   RW         5544    .data               dns_cache.o
    0x20000040   0x00000004   Data   RW         9090    .data               chip_18xx_43xx.o
    0x20000044   0x00000008   Data   RW         9172    .data               clock_18xx_43xx.o
    0x2000004c   0x00000001   Data   RW        11347    .data               uart_18xx_43xx.o
    0x2000004d   0x00000003   PAD
    0x20000050   0x00000038   Data   RW        11748    .data               board.o
    0x20000088   0x0000008c   Data   RW        16445    .data               app_main.o
    0x20000114   0x000003f0   Data   RW        16653    .data               fft_radix2_czt.o
    0x20000504   0x00000018   Data   RW        17155    .data               modbus.o
    0x2000051c   0x00000060   Data   RW        17325    .data               quality.o
    0x2000057c   0x00000004   Data   RW        17523    .data               getline.o
    0x20000580   0x00000001   Data   RW        18016    .data               RTX_CM4.lib(hal_cm4.o)
    0x20000581   0x00000003   PAD
    0x20000584   0x00000008   Data   RW        18261    .data               RTX_CM4.lib(rt_system.o)
    0x2000058c   0x00000004   Data   RW        18744    .data               c_w.l(stdio_streams.o)
    0x20000590   0x00000004   Data   RW        18746    .data               c_w.l(stdio_streams.o)
    0x20000594   0x000057e0   Zero   RW          150    .bss                main.o
    0x20005d74   0x00003720   Zero   RW         2523    .bss                lpc43xx_eth_driver.o
    0x20009494   0x000000a0   Zero   RW         5071    .bss                udp.o
    0x20009534   0x00000984   Zero   RW         7636    .bss                net.o
    0x20009eb8   0x00000040   Zero   RW        14913    .bss                sdio_lpc43xx.o
    0x20009ef8   0x00000240   Zero   RW        16799    .bss                alarm.o
    0x2000a138   0x00000030   Zero   RW        18344    .bss                RTX_CM4.lib(rt_list.o)
    0x2000a168   0x00000054   Zero   RW        18741    .bss                c_w.l(stdio_streams.o)
    0x2000a1bc   0x00000054   Zero   RW        18743    .bss                c_w.l(stdio_streams.o)


    Execution Region ARM_LIB_HEAP (Base: 0x28000000, Size: 0x00100000, Max: 0x00100000, ABSOLUTE, UNINIT)

    Base Addr    Size         Type   Attr      Idx    E Section Name        Object

    0x28000000   0x00100000   Zero   RW            2    ARM_LIB_HEAP.bss    anon$$obj.o


    Execution Region RW_RAM1 (Base: 0x28100000, Size: 0x002197e0, Max: 0x01f00000, ABSOLUTE)

    Base Addr    Size         Type   Attr      Idx    E Section Name        Object

    0x28100000   0x00000008   Data   RW        14997    .data               rtx_conf_cm.o
    0x28100008   0x00000078   Data   RW        15719    .data               meter.o
    0x28100080   0x00000214   Zero   RW         1954    .bss                fs_port_rtx.o
    0x28100294   0x000025c0   Zero   RW         5203    .bss                socket.o
    0x28102854   0x00001888   Zero   RW        14723    .bss                file_config.o
    0x281040dc   0x00000004   PAD
    0x281040e0   0x000095ac   Zero   RW        14995    .bss                rtx_conf_cm.o
    0x2810d68c   0x00000004   PAD
    0x2810d690   0x000003bc   Zero   RW        15717    .bss                meter.o
    0x2810da4c   0x00000004   PAD
    0x2810da50   0x001faf24   Zero   RW        15720    EXT_RAM             meter.o
    0x28308974   0x000005d0   Zero   RW        16802    EXT_RAM             alarm.o
    0x28308f44   0x0001089c   Zero   RW        17549    EXT_RAM             proxy.o

