<html>
<body>
<pre>
<h1>µVision Build Log</h1>
<h2>Project:</h2>
D:\PROJECT\rstp\demo\nxp\lpcxpresso_4337\ftp_client_demo\keil\gems9000_RSTP_RTX.uvproj
Project File Date:  06/25/2025

<h2>Output:</h2>
Rebuild target 'gems9000_rstp_rtx'
assembling startup_lpc43xx.s...
compiling retarget.c...
compiling main.c...
compiling debug.c...
compiling smi_driver.c...
compiling FS.c...
compiling sysinit.c...
compiling cpu_endian.c...
compiling date_time.c...
compiling str.c...
compiling os_port_rtx.c...
compiling fs_port_rtx.c...
compiling path.c...
compiling net.c...
compiling net_mem.c...
compiling net_misc.c...
compiling lpc43xx_eth_driver.c...
compiling lan8720_driver.c...
compiling nic.c...
compiling ethernet.c...
compiling ethernet_misc.c...
compiling arp.c...
compiling arp_cache.c...
compiling ipv4.c...
compiling ipv4_frag.c...
compiling ipv4_multicast.c...
compiling ipv4_misc.c...
compiling icmp.c...
compiling igmp_host.c...
compiling igmp_host_misc.c...
compiling igmp_common.c...
compiling igmp_debug.c...
compiling ipv6.c...
compiling ipv6_frag.c...
compiling ipv6_multicast.c...
compiling ipv6_pmtu.c...
compiling ipv6_misc.c...
compiling icmpv6.c...
compiling ndp.c...
compiling ndp_cache.c...
compiling ndp_misc.c...
compiling slaac.c...
compiling slaac_misc.c...
compiling mld_node.c...
compiling mld_node_misc.c...
compiling mld_common.c...
compiling mld_debug.c...
compiling ip.c...
compiling tcp.c...
compiling tcp_fsm.c...
compiling tcp_misc.c...
compiling tcp_timer.c...
compiling udp.c...
compiling socket.c...
compiling socket_misc.c...
compiling bsd_socket.c...
compiling bsd_socket_options.c...
compiling bsd_socket_misc.c...
compiling raw_socket.c...
compiling dns_cache.c...
compiling dns_client.c...
compiling dns_common.c...
compiling dns_debug.c...
compiling mdns_client.c...
compiling mdns_responder.c...
compiling mdns_responder_misc.c...
compiling mdns_common.c...
compiling nbns_client.c...
compiling nbns_responder.c...
compiling nbns_common.c...
compiling llmnr_client.c...
compiling llmnr_responder.c...
compiling llmnr_common.c...
compiling dhcp_client.c...
compiling dhcp_client_fsm.c...
compiling dhcp_client_misc.c...
compiling dhcp_common.c...
compiling dhcp_debug.c...
compiling ftp_client.c...
compiling ftp_client_transport.c...
compiling ftp_client_misc.c...
compiling dm8603_driver.c...
compiling ksz8863_driver.c...
compiling modbus_debug.c...
compiling modbus_server.c...
compiling modbus_server_misc.c...
compiling modbus_server_pdu.c...
compiling modbus_server_security.c...
compiling modbus_server_transport.c...
compiling sntp_client.c...
compiling sntp_client_misc.c...
compiling ftp_server.c...
compiling ftp_server_commands.c...
compiling ftp_server_control.c...
compiling ftp_server_data.c...
compiling ftp_server_transport.c...
compiling ftp_server_misc.c...
compiling snmp_agent.c...
compiling snmp_agent_dispatch.c...
compiling snmp_agent_inform.c...
compiling snmp_agent_message.c...
compiling snmp_agent_misc.c...
compiling snmp_agent_object.c...
compiling snmp_agent_pdu.c...
compiling snmp_agent_trap.c...
compiling snmp_agent_usm.c...
compiling snmp_agent_vacm.c...
compiling snmp_mib_impl.c...
compiling snmp_mib_module.c...
compiling mib_common.c...
compiling adc_18xx_43xx.c...
compiling aes_18xx_43xx.c...
compiling atimer_18xx_43xx.c...
compiling ccan_18xx_43xx.c...
compiling chip_18xx_43xx.c...
compiling clock_18xx_43xx.c...
compiling dac_18xx_43xx.c...
compiling eeprom_18xx_43xx.c...
compiling emc_18xx_43xx.c...
compiling enet_18xx_43xx.c...
compiling evrt_18xx_43xx.c...
compiling gpdma_18xx_43xx.c...
compiling gpio_18xx_43xx.c...
compiling gpiogroup_18xx_43xx.c...
compiling hsadc_18xx_43xx.c...
compiling i2c_18xx_43xx.c...
compiling i2cm_18xx_43xx.c...
compiling i2s_18xx_43xx.c...
compiling iap_18xx_43xx.c...
compiling lcd_18xx_43xx.c...
compiling otp_18xx_43xx.c...
compiling pinint_18xx_43xx.c...
compiling pmc_18xx_43xx.c...
compiling rgu_18xx_43xx.c...
compiling ritimer_18xx_43xx.c...
compiling rtc_18xx_43xx.c...
compiling sct_18xx_43xx.c...
compiling sct_pwm_18xx_43xx.c...
compiling scu_18xx_43xx.c...
compiling sdif_18xx_43xx.c...
compiling sdmmc_18xx_43xx.c...
compiling spi_18xx_43xx.c...
compiling ssp_18xx_43xx.c...
compiling stopwatch_18xx_43xx.c...
compiling sysinit_18xx_43xx.c...
compiling timer_18xx_43xx.c...
compiling uart_18xx_43xx.c...
compiling wwdt_18xx_43xx.c...
compiling eeprom.c...
compiling fpu_init.c...
compiling ring_buffer.c...
compiling board.c...
compiling board_sysinit.c...
compiling rstp.c...
compiling rstp_bdm.c...
compiling rstp_bpdu.c...
compiling rstp_conditions.c...
compiling rstp_fsm.c...
compiling rstp_mgmt.c...
compiling rstp_misc.c...
compiling rstp_pim.c...
compiling rstp_ppm.c...
compiling rstp_procedures.c...
compiling rstp_prs.c...
compiling rstp_prt.c...
compiling rstp_prx.c...
compiling rstp_pst.c...
compiling rstp_pti.c...
compiling rstp_ptx.c...
compiling rstp_tcm.c...
compiling bridge_mib_impl.c...
compiling bridge_mib_impl_base.c...
compiling bridge_mib_impl_static.c...
compiling bridge_mib_impl_stp.c...
compiling bridge_mib_impl_tp.c...
compiling bridge_mib_module.c...
compiling rstp_mib_impl.c...
compiling rstp_mib_module.c...
compiling md5.c...
compiling sha1.c...
compiling hmac.c...
compiling des.c...
compiling aes.c...
compiling cbc.c...
compiling cfb.c...
compiling asn1.c...
compiling oid.c...
compiling File_Config.c...
compiling SDIO_LPC43xx.c...
compiling RTX_Conf_CM.c...
compiling w5500_init.c...
compiling wizchip_conf.c...
compiling wiznet_socket.c...
compiling w5500.c...
compiling ade9000.c...
compiling meter.c...
compiling ssplib.c...
compiling app_main.c...
compiling fft_radix2_czt.c...
compiling alarm.c...
compiling smb_tcp.c...
compiling smb_rtu.c...
compiling modbus.c...
compiling Quality.c...
compiling crc.c...
compiling gateway.c...
compiling wiznet_thread.c...
compiling ETC.c...
compiling iom.c...
compiling Getline.c...
compiling proxy.c...
linking...
Program Size: Code=265578 RO-data=14658 RW-data=2008 ZI-data=5897168  
FromELF: creating hex file...
After Build - User command #1: C:\Keil_v473\\ARM\BIN\ELFDWT.EXE .\ftp_client_demo_flash\gems9000_rstp_rtx.axf BASEADDRESS(0x1A000000)
ELFDWT - Signature Creator V1.1
COPYRIGHT Keil - An ARM Company, Copyright (C) 2012
*** Updated Signature over Range[32] (0x1A000000 - 0x1A000018): @0x1A00001C = 0x53FFB75E
*** Processing completed, no Errors.
".\ftp_client_demo_flash\gems9000_rstp_rtx.axf" - 0 Error(s), 0 Warning(s).
