<html>
<body>
<pre>
<h1>µVision Build Log</h1>
<h2>Project:</h2>
D:\PROJECT\rstp\demo\nxp\lpcxpresso_4337\ftp_client_demo\keil\gems9000_RSTP_RTX.uvproj
Project File Date:  02/19/2025

<h2>Output:</h2>
Build target 'gems9000_rstp_rtx'
compiling ade9000.c...
compiling meter.c...
compiling app_main.c...
compiling alarm.c...
linking...
Program Size: Code=257454 RO-data=14478 RW-data=1972 ZI-data=2701708  
FromELF: creating hex file...
After Build - User command #1: C:\Keil_v473\\ARM\BIN\ELFDWT.EXE .\ftp_client_demo_flash\gems9000_rstp.axf BASEADDRESS(0x1A000000)
ELFDWT - Signature Creator V1.1
COPYRIGHT Keil - An ARM Company, Copyright (C) 2012
*** Updated Signature over Range[32] (0x1A000000 - 0x1A000018): @0x1A00001C = 0x43FF4166
*** Processing completed, no Errors.
".\ftp_client_demo_flash\gems9000_rstp.axf" - 0 Error(s), 0 Warning(s).
Load "D:\\PROJECT\\rstp\\demo\\nxp\\lpcxpresso_4337\\ftp_client_demo\\keil\\ftp_client_demo_flash\\gems9000_rstp.axf" 
Erase Done.
Programming Done.
Verify OK.
Application running ...
</pre>
</body>
</html>
